65
HdwJyvCDUvzYbpzHSIN -949588 503904
##end
hTOETJxgmaByvrl -109675 -904904
kRbdnErOGmHdZzkWoOx 882347 -311184
CdyFIPVXLcOwlVrQqEx 232007 494246
##start
DTOUWAYsrGoedFH 784604 -805432
NCHkhydJjqVj -595872 332772
PAFiBfUvDDWmDBlrCax -167881 -790082
NjuyQJSegvCeXMwHw -783195 -665680
ldCANOFUPg 133049 -174030
oYcdGCiWAXN 932030 492688
vwYhqavhRRQnhAYfs -443192 -129754
lzOleKhtdwGrnyP -301742 -191315
UBsJMsY 332718 997017
KbrxpgTguJEnISP 624084 -755771
KgHAcLvBUjVPLKAdO 544806 -300622
HprIDvpTuoNvqMb 18308 405833
YsIXDXw -47114 1615
oyeswMLdcMsUlc -278843 -553272
jLhpGylWPZZMT 189892 -527039
fPnkktCldXupQ 716005 713378
xQHTSTIxUoBlzHbPmG 293640 253937
ZCHBBliSFg -707396 852883
rnvFegmsnaTTiaWh 355977 551660
vrrQRAdTmUuMyWSYK 467708 680449
ysoAqDwKWzfoYCRNT 452142 271790
TXvIFiDDuNvHhNZjWiXo 915580 170839
dxiqPCFDShUkKSV 628902 -566750
fkXkVaQoScGTgFtmak -992708 -682986
EOhgfq -250868 -475386
NCpaKfwMzMAwZj -160303 833805
FIVQRSBQgqG -223209 -296532
WppVNFdkyrkgZIn -751660 -108997
pCTJVCTqGldcLl -314895 -219034
zfIPcrr -531764 760513
MEJzIvKfDGHc -39641 471549
IDDYv 528365 807103
riJXNdTqVuUzPdXO 523488 567013
vWqHGIUNlbgooNBaU 277990 -660867
SBOXZyoRbjtxd -146920 885900
JMapIg -691013 -785620
XOwWYriYbax -97395 -663638
rjlgKSXQuFCf -462090 55432
JyEBsBCIAx -116441 -435637
sxaugbfpRMHEmcOeHSIH 422695 797007
xGDLe -699159 55914
oUtkiF 481336 -795621
AyIuzdldTK -576686 672107
WllGZjxCbsHL -589833 -509580
BjjshpDwlzxyKuPm 288672 -561380
krSkhgrGwUUVnqseJFjV -468758 551635
GgCabHSeqIRmqWOdQij 494791 700356
vgxvM -550820 -327497
wPCwseQ 534771 -471416
TyuqZqzilmOmUz -415970 -164628
yrEeZCBLlt -793326 976384
huEuhWyXLDcz 550315 -58350
raTeTjczhbnQ -38960 -942245
jvAArDcOxF 859820 -424709
jgEWz -832473 826914
bsGaySvbRHz 857889 -683475
DziiNdQsB -622104 -536050
wSpxljyEz -383006 -91403
gAeHffKnbfRrAhQhn 463643 -855371
SqlyEgAyIYQtMRivlf 618979 -113354
CKJnkmftYJceeX -748961 256838
zjmaTR -605398 398094
WAGImeDcWxDIlai 985599 153588
hvwNWnPR 58458 -727847
klpUZAjqAOoZEUPMnFSF 889331 -908112
swNMGzaiTIyoAV 742574 -131728
wKLUfAqGBtGRpcZ -111941 125087
klyOHddseIBvzbAiOD 654917 -749923
gQeuf 669181 214340
QXbqBLwx 367884 -743408
qXpZQCYARVA -925170 417582
MwBUXwk 595118 63024
ncdsvTXTzUpafjrlnYJg 270443 -935679
AwRFauFUNMIvIib 358139 359224
lJBvSSoEFoNbalnMu -64747 827782
tsEniChaKryCLdj 73963 -473972
unELfzYhDvm 917853 925288
gxjvlcbeAxFkEEltyqp -647303 -779173
pTnQVTQaryYMtf -398445 479708
cFstZiOQHPIYrj 99383 923215
bMaLZnbQtyMm -288799 -755659
JAMsDCGvnSMW 245464 -174113
hXyKd -495494 -34165
jHemlfib 392998 880785
PAQUM -152734 -57661
vWKOego 510708 -384203
ONkqzhEyAEIXhqo 866333 -129341
KpwCtkvPHJyDvZpqG -57361 -506673
rCqdFtnDtZbJr 4304 874726
EgGffTdeNfqgQuCb -701152 14288
jNUyB 107569 -433000
VSMVfzGRkIFVR 693502 340042
OHIUWVTsazELtwr 347424 751328
zDIPGCHx 740111 989204
DQKLYZ -556362 844481
coTIIInsgNcIv -341826 -757295
dBbfoomQVTkJGvR -149431 66964
zmMJeBYyzzpdtuWEJ 286907 210870
ZvlOnrTTif -962683 579181
ltnphqL 357958 -348933
lWKJyahfqT -741396 -431663
usvLCzpJapOg -37465 764412
fVdXhitamXjmK 224015 -605280
ekcInopUdnEcTPizqns 968646 -75173
fCPraqMBhTCwgfRJ 687747 560268
gjRtQ -308275 193276
hipiSItftkMhi -765710 -47824
FOZPaFHzgOgDoSfMxM -952577 -764302
KbZskOxWpcrPNOObrZ -996532 55799
kvWUKsGOAptYxutWNvR 440809 -199449
NDDZbcEQCPug 461353 -873277
GTVenCZiPZibBIPmE -790882 157654
QXVcKlVsZhIYe -78423 474961
GxrroRgCG 960653 -431861
iQGHLlLk 472739 154555
nNcjiabij 541385 642188
iyKCTxEGbktS -727034 15275
nhqSCk -253648 -655948
RKyviWe 867783 -348527
XzCYGUX 110244 918711
pfqQnsNpJPVEkMJxbM 604469 -608745
RozZsRF -734726 -915076
XjDCrEbsZQPPTE 483066 -949643
ZwMpmDMirYNjjhj -451527 504735
ojncDfJZ -169316 -657394
HABjd -208792 61697
UgJOhbUumuhStjtai 968446 -774581
zsYYSUbWzxjw -702033 290215
BbHnAiCi -686347 892084
XJUMgAJXKV 872854 -815060
nmEnqnlQfdQrJrexxn -187041 652139
vQOfKQDGpVbWlu -294464 421868
ZBMzWlKgyhRKqP -593113 126928
EcwtyAp 698380 -30360
BZlxhPwqVoAqbAK 436181 326312
jUWgY -736156 -307352
FihsxwaSNPnjTAN 655571 119760
TPvfxYUBJpSmab -918651 545555
WlbdigLbZLOzlbzTIREy -484396 -790402
DsEXWAEAaIyqXdDhVW 298358 791782
phKgNAjipaeSKgMHXpO 88265 -501389
lhLsQX 695115 359802
asVJDyjxcjuzdBIdPRED 402047 -208566
zzNukFMkq -990549 130301
JPsRtqJGvYNcCLsu -120492 492706
jiuLNkaZqlvG -455681 552797
bjWXJpnHv 860349 -618858
AHHLpn 188997 -481530
CjlWcGp -156741 -356939
hLyexTfwCQGg -916755 377398
vkuyAfAngQBhfMyfeLF 739062 -288398
Cwwavyf -305904 233613
OyoZumDQfwkK 907066 881284
CNtjjspqGXgpvHX 130589 740852
StQfTKPJhSrGPnNTE -375402 559525
uiziIYKtXzAyrjTR -537097 178162
UjxCMtBhmEJJ 509954 84440
IgsJFQbeiaY -949121 -235024
pyIAyJssQQhJMc 728641 279726
EJiqspZwgLmSnhlcry 316974 821570
WyfhfswwE 779132 -125773
nJNTEFSsNWYBDrssKH 524155 -828644
xRtridD -707824 -553910
aionxttjE -512659 42073
ZlDjJncqEszD 849647 -159864
ZtuGPdqkOAd 604098 -961970
bSuBnwzcYwaVTq 953021 -750648
qrlwsxqdNgbjONhPP -854375 -89619
KWuYjHqMseXnV -606188 849514
zDVgleKwNNLUVRVtlsI 59799 -580703
bMvWHscxDlyMJIr 520125 794417
yJYGdhklEzg -722040 -667720
CvYYIedlXCmqF 57875 308030
EsJSFSaJMvMbKBDniN 236536 384108
kzeNeePTzwYo 460805 309688
mePNOPMfMq -811797 689409
fZezWPiFlxKDQpUuj 229691 -809255
yBlCDJTGjt 251679 -912516
WglrcnXCdrOQgHh -110804 442605
zbtuEJNvGEdECyUy -760042 801447
aUSemtgHOOxXO 377788 -578998
JyyqPeln 538199 -702181
hQwahgjKa 872743 -819830
vyhbndJTSVy 789503 237684
YUNfWDJZrPqoc -561794 466305
rWaqwBUhEGFCoz 644317 -218351
XlYiZRAM 578331 -779138
Vdhnz -105367 171791
QBVmakdGCrSFLIvsNsH -759205 396351
tebMfgeiEtqQ -908858 141367
prXYdsiMdekpPz 924335 482776
CoTZbHTK 730751 502256
tAooBRvJuGh 827887 243749
gLZWbMbw 287925 -112845
WnvECfNCWEXxjtpioj -50011 -236859
maRpmimZyWwhPzUCL 273482 197853
uFziqNOgpuGRGpRmZ -821084 -143698
IJMGBXgDfHHl -135922 706236
JoMdcMqZyLOGMFiiJ 566856 -192304
VAslZdNmlzOKtU 810024 862081
Yofbixsx -625768 79469
tcOtOA -364503 355888
wlAioxnZHfDOxm -242157 -439179
gMPeseuFmvFVTiHeIY 226025 811324
EsdEwQDXqOnTQWTWmKD 70343 699958
ENZkKKwopfm 115695 600412
PWBEkfi -832711 106611
OClUUKoEct 330384 -274094
oDGnUcrwhCBKthHxbLY -550488 424932
wprrdcTFTuFtdHph -792016 -175595
HQFGYGeLE 561325 -804784
acvPoGXfOLSYSDeCj -582785 465295
bekzLPMkfkTmBAEjkbCh -232604 12657
ujHhDjWclCvgouCkySXD -902139 613926
CMfMzOFUmixzMGqd -281033 869157
sYvkubDF 204619 735965
MwmrxWoSEqHtt -229531 -383968
QHuxWZnjfaVuGHfJ 1999 -915743
qrHyGlz -243138 -434280
vUHiunrQzboBUymCE 549262 554029
jpNbVBR 72869 -84641
PJGVbybKICEvxlE 541856 -409529
zrbuUYPDyLQJ 135350 91640
CXTjPaqKtARXyjdtxl 768776 206990
XXLBxHziSVOEUSDAj 12482 246765
cmDxUTjxmNwTZQHloG 33706 -803471
ROaFrGeelPLkpbi -155204 547812
nvsniqPgygcL 38771 -40963
NxkyxjfXAwsrwbvQWINd 479581 -769674
OIvkBCfWT -385317 -280941
rDSmZfzxIugrgRJlmp -173721 -857498
SPXyHV 562183 121312
MFqvccZvADJRIDZgr 633912 -120073
hHRCvzZlEUL -39814 51872
PMwtNaFU 153524 819002
qgAohNDiqBC 371458 329501
AuniMjCWYaSCmqwF -721497 -123332
vxjOszgRZsQZYDlOcg -235349 -930669
kvbPlwXPssSNxGpI 945297 -695290
XXYah -814355 -365541
CIzrIIarNe 579779 9323
sjzHHOiZQJinuc 306210 322966
uEskXtskFvXHcAajl 216916 -664341
AlXhrEmOA 698986 211944
bGCjyWcdOazFvfqXvIDZ -606580 806576
iYHvTLJljYdIYbA 469812 995838
fcBdJoO -905663 -965090
IKZhfiCoVLHssLzctpc -466144 -199823
YdQLVYXCwjSItGPgB -404546 -717421
nstjSuvYdhdD -933311 369583
WPjVhs -126272 -512890
seFIOeLkp -792005 129414
UaosRgnBpqKsG -521557 -476022
FWeYwTOVKAHz 427501 756435
JuHkpXhjYRoNZUYl -153008 -928572
JPIfknU -268205 -997688
yjQaTKsVedE -830305 -791310
sJiJVdeuifcUUEh 596718 -459303
picavl -923011 -94568
wRZCIoOvgUhJQYfNJ -116033 125052
MJoBDHSJ 918106 133075
xgXELGhJvHFTpriee -999593 266594
lFFqFcrOif -735194 -447683
qSgSLvpaPefmZ -488017 643716
BsBgzbJE 289737 -539645
iBcGhwaLgg -352101 161300
JoVQdPRDdqRBQM -591984 -515946
TvsTTimaUvb 632366 173360
CfNBRStrEnvxl -836979 795201
UwMKOTAjjiOXLvbrF -365339 336516
rnCOj -339579 806989
jWvUmTPtRTZBYb -871404 550772
ckJVJDMK -744143 599965
xAsHBHFueRJVHZW -18849 -606119
vAgBHe 638950 -219365
GZfBhmk -305843 -891737
EgkhboJJgNja 58157 -52754
yDeQviJwfBTgSCj -862420 -104944
RpGDGiZuzDvA 108641 568345
NhVKAHkxROIuFbKmLzyM -388810 88621
ZEaYnnobapJfpFBOQtM 852205 -173055
oeBbjUmo 141043 677032
ogpHF 638745 82413
YHLiWJRShDL -275833 -240267
rDvhGwfgMsuHIzM -23318 -807422
mnDEi -302548 -674962
aHcljcRRbnNIddcUrDl 351645 -889738
zYBrzLfxTsCJt -260819 -654361
eaReZUX 695750 -810740
hLXAoKsmqccqPGRdX -52674 -51981
KGHgdBuUyqfkEExEs 296478 483318
bKIxl 335436 -53010
UxPzNYJPbLo -481679 922391
ACpPIc 579328 310696
CdHqIZfiu 445737 -581751
yONFgzlP -429633 -176448
obpvzOzSouYFiT -366422 761334
qmhxOJFLzAmohcS -489742 617695
IVeeM -784933 240461
AFTpqhkOZJoGtlBmw -596856 183964
BPTvAIhOfGBKdImcnb 237395 422980
ptnRhNiTyVgjkldfB -418481 -726074
tvBkTBMneG 47488 481107
RDPrbzklFmjf -964832 -639857
VKKjVbswYjlgMhvg 73856 -520898
rusegkeoywDqY -6467 517541
XJVZO 177556 -862580
oNrTkrvHuQV -5695 289286
eNuzelhRf -70028 380658
QjpCewOy 53648 189019
EjbDunGYtsTn -661756 -333873
xEArDHdrMRRvoCIRNZ -512793 -744660
zKmAYLEIebgqELekG -107183 -514630
RnXfTcJCK 960804 -238219
ripiHZoK 709596 406255
qGpxYxWJ -718000 656264
jKfZMHG -779488 -859750
zjXlCDownMR -361788 903287
FudODkzpylokA 606939 -604719
wgpaZjLcLXdremV -881997 -486491
yKkFBvhGKeEqSREIDpE -937486 -270693
AzuflPnMsX 451435 -8947
QoHCXrHrm -302847 -653697
InHTuvc -704650 -8556
AkIpKRsTGoF 404276 -132309
gMocfvThcvAf -647163 -781030
pbDiEHYUuCpOZss 300432 -438421
JwtIxoih 59125 -741436
XoMiMUL 558797 -283036
MVOFLveoAcHIuxmhFtGB -323611 -954394
Onivd -980660 143003
jNpCUZeIjL -537300 -570341
cqMiuJLehGvHqgnnxn -690638 -358397
IPdoMivb 619784 -947871
zTFIF 721547 -977826
mWdTFGpudaJx -623222 -229243
wOvresXEPFnXu -659270 510561
qFwXwBmSOrOtaY -870692 747418
RkbkVebVNxqG -592305 934934
aTuALa -994334 823069
vtwXUrsr 670421 224613
CALqxRPrzIVnfBRILnPo 324731 893797
YWlOElWTKof 140037 -492215
yQunNEhlvcIfkFWjgx -519096 721810
nVzzLKxOkFq -275725 837376
vNUKvpiV 716615 -574007
cGTYpjj -95734 -754201
lkbWckKQFW 598953 -911576
MPAHGCmPmKFIIupKOe -899819 486774
VBhPrj 672735 -871663
mrzdMDyXwcyyJihi -577473 -755444
jQOjCwHkxlq -359390 -114858
KOYkefcGGlhiNgJTx -423284 949024
VLjrbJbmEYJIpOu -750287 780177
jxkufuKSksQRN -253285 -492794
HXRCSMe -431124 622692
nvDOfdkFvxLXqt 13112 -248239
SUnghyguCCzlWgGEzd 74064 322720
TntdpWZIFSVGm -613576 62489
UKZpyz -929287 107004
XeLLVYS 812642 366349
ZPUHDXQbbrN -128255 941205
PdSrvskcHicEnaF 407213 872883
iGCNRWevGK -595403 805134
apCHYxuWDWF 281028 -770710
WRvXomRfSZoOwn 462098 -622905
ISuoyeQG 242940 -790176
vSVyjPhY 806688 -548902
JYwEpGgfJuloLUpKGjV 459911 -472469
VMXZhSBaQnvqcnGutx 968881 433451
nKTPqPmboiVuf 999084 -603875
SfmDGzwKNJYhRLdczFM 418462 -975542
eQCyyBddKKCjNPMf -422196 -495799
nIIUqomoYonmj -139446 -301058
IoIWGaLjm -994586 -717645
UEJVzvYfHcCNlhLi 512179 695098
QaZeLEPeQthhOtMnxaK -305296 947646
xqgAdDWiQuOS 736246 -275828
HBjyOzTvLvThDjI 930133 33955
RiQrRQQKl -250245 -282614
koKdRQYIZGYdPCUXjo 144678 820290
fEFkgeN -382481 -400708
FkPcAclz -694256 743743
OMYwCRdaNkuTNYJ -125162 -919579
gMXBU 935956 -852578
hPDszmwViiLzhLwVJMgn -817015 -72800
yArzognNEi 496853 820365
MkDzMvcQ -102828 -394034
iuUAeCxR 688115 -526405
eSLoS -626231 -884910
ZxalNIBsJ 340392 -859450
zmoReXfRZJOUYEm -331312 -319737
dzwNLnKk 496667 911635
vNzOAidEOxK 470522 270744
FsTEdeHAVMXgb -181650 880281
KmNQouZMx 62824 988687
kWMfA -915031 529421
WcaWxcFMlcQa 866586 -414036
oTnNzLHjRQoQ -802056 -197241
CcUuEBfxE 878324 -522242
hSmAgGYnjlVQDTYgSf 592754 217314
dYmDHmVAlpGFKOh 602322 432898
vLutcoqYWvJV -787250 970212
cLEaYbFLhTz -877807 647269
ORxQkUIK -777847 -775879
tcTLHdEzQrASdjEM 362313 170035
DFVPjxALI -507648 -719848
HnGlbSzMJ 779067 792836
hPlGtKeEbeZlJZAfxId 414805 -969260
ZglUVlfeddb -110864 -664058
YiWFtNwljmuqsVuRkAmd -564461 337643
DjIAFQA -533901 288889
HqNCVLYVj -346463 907116
NjbjaQwAZkihQXoKKM -628780 -843881
AuLxDNPJMnEiCEWTvOZH 209909 -568041
ftcZARm -646872 282103
oTqLwOhLLQUzmEyW 599672 -317000
JmzkcMoV -380383 952144
BuoinecNKn -472669 -843489
xeIsVwnCjnZkwf -273611 -610357
MyijnqFFJQtGGzEnU 563001 -133079
bdQAmIppzrWD -48853 129486
mgyNMBQfXIZopTjWAML 891778 -123730
mcGHnhrPLFwd -789663 939086
ifKCRQFtFMAXkewJG -268296 -753561
KqiyfWSJJByG 254413 219051
RKzBiwbgDC 565784 -660897
jMhzuzHaNMQPepSmHAtz 758755 -870904
YHyLEqopmEvNIemJtE -331245 116005
OEVVsJs 57469 175210
DTDJNHvdqgDbXdb 956958 501455
uYhmcEzfhOOb 41788 807290
jtEGwHwy -990753 914661
tqmUddXZzBnaS -391941 -716562
lIVGmVaufUxhyN -521966 -618578
ndAhliXjOT 27845 -610822
MJvvRcBbaeKsshwG 388297 -438897
lIHflGJiCBZhycm 635055 -228074
kKuCqmQ 185716 -69967
TYEAJnfotzylgxIF -2472 127425
OXZdQceh 596811 124112
RzbXkLj -700912 264893
zDKuMgZXcAYblKlVi 37352 -133179
MnwtKCrFiXJ -27244 -259297
KWCdEecJzNJEuHvSuPu 2573 914488
dcqEdxUNVcICJoI -11460 -334653
lPJMipxQkIuAIjyYdFu -994359 -644686
lqoqvv -490478 -370944
yRIhwalqNsMY 811797 829212
udicpHMlIlMPkkC 571479 -596744
PgTwadjuLSqb 124406 596221
VdkmfakLLKxKEmObW 437928 -583193
yWoJHZCYBmJU 491573 831054
GyqDgqrRLYxijvivsp -476257 653532
rJGrc -592983 -6765
bMXbH 42044 577946
dHwJUJyu -420279 -431526
xPoBnVDsOiIchP -102896 966788
zIkazuWwGmEaLg -8038 -401299
SKpvVHXmgtnxznOhzv 64410 -517114
vafuPpcpopMFv -338905 68118
vBKgxASSJDrppRo -498258 453679
UZYnSkGNtzNQGDDc -864703 915027
mYaJWziUDHqV 286354 -476450
TkmMaS -598338 -26193
lntyOQPXl 419626 -372318
OTbTbfjEl 218944 652086
ZomNJCeSnnSjlSnLayE 140328 510441
JdLQkHCBeErLwKtFvP -751724 -335427
UalarcmLciZbgzObL -231709 -271600
bquAzNpP 621160 -32804
jzxKSgYaeFh 526416 852762
twvtcYBm 953407 851379
HelFIG 931423 -971002
bBNWXbC 337623 -457181
QtxmlARy 978524 569812
pmdyHzTYABLumj 825231 -756772
MlSwZ 947456 5453
uVTfcWComUNPT -491498 -350683
KMPWiZk -936046 268589
npfXsnkMtYmQFIKa -430705 747444
GZdyExBXtnRXJHB 178917 -33536
CSqGyoYjkUlw -477111 -8756
uJAbfmySolaoceBFwf -85863 -937169
rFYGgjkwKMaNn 951819 -304111
SfOyV 654186 318018
YXHDd 377304 748080
oGYpbWC -373470 536005
XWWyRVqlZfZh 402506 -343715
kjnNnDvMCET 315929 596197
DBhZXLpXMoP -954862 701822
YoPPV -540998 486475
XiihjbFIncAKeJb -698028 -6543
tnbWkiyJ -282235 813428
YpaAEBHtXzGmVGqHltJ 279585 179402
RoKPDgahWRtbZVQ 51340 -853385
uDeoCBnwxtBLmZ 111670 -41858
vrxnqJXvRe 595808 -224912
jWzuWi -177975 -498832
hPUWKMeMrKpYW 410812 300818
FKjrDNBzaXOnnnY -243584 -980960
yqdKkCFvFoLCOHtENq 923338 380015
hllvX -141014 257426
ESRxgeeCUhnO 348128 583821
FQbiaBjnFjgBmhCXLhM 422480 992735
DzbONqFHiMfuLFryKO 259987 -365841
bosFUuRMHYagzijBbA -979562 -189321
RXRIPIE -210369 331920
QxvFBsKX -595241 -351643
NmwdrabjVeUg 518329 306554
apggIcnglDaEJxvus -237023 58201
uivPVbAeg -726884 -363356
BCMVXo 347171 -698112
GnRZkuhGPjduTIfjhW 119404 -253072
CpAqeXNveqeAXaSBWY 876188 528144
imdPvc 78313 -182653
brsQJkVp -315858 937558
wjZuLNIZXnadFiWlI 188038 -653398
mlZqmuoTtbUA 613306 880809
DalyxCXiOneKRaVjGs 881386 172366
XHtJjjUITjvaHnB -763395 -220386
pWkmzAgLMBQcjUxLrfWb -596156 219567
bxGNpdMDPA 86180 878935
CLtcDHHcaYiVFPctbHW 827773 663482
pFfNXfUJjZ -81360 825385
RzVbrMKQhHXbRvnj 540394 -833162
aEiDhmGhfX -718194 -825769
XXlnkuybsNgpdhRHCOrl 65214 524281
neycAOixgIO 649995 540398
gMimSuZP -374730 -440627
azRdUmw -472106 -991708
qeJNRYIOwRCuAC 167447 985323
fRTazcMpIcUPERA -918248 -296844
ikXcEmTP 262298 216596
bSonqYKtVF -242654 586915
OwahWZqTK 395039 986960
mqyNqlQZjvXVsLGNdH -919562 -199988
RfiMpZntwaznDQcRYsWj 688103 -31376
cDkUNcbqngtuEV 640910 35007
qnfcOmEEXHNzUe 662181 162253
wULKdETevVgCXgdyVbo 897102 828748
uEikTUQrxvUQElowsRh -294363 -372660
iDMEAwcNqlSrL 999168 788917
EJaeb -886506 661403
HJIpzivi -849567 -600027
rPUhNCVYyX -198675 927779
cnYWLCtHWextdoB -653014 -619785
pVYRHwUHrl 996795 -440269
VVqhKSVMmSVtQPIbMl -157968 447663
wtnAJurdaeHHXco 285739 525665
kTTKxrkv 694427 224849
yFyeApq -440318 748007
tlToLVdhOdLfO -661231 146293
nSOwqOlhMnUOfZEBq -946133 -330612
JZuxczBHcmuNLeoUuLWO -912645 869551
VXoWDAIbTmYepQWDc 556373 -283072
KLyesHhZJUqnTjKJlgl 658877 556013
BwpEGyrrDjOIGt 210032 706454
HXgzB -768442 369031
EpipKZjhicTVM 713104 -621561
KRnxljnIwH 21359 -500242
HJTIawsF -668890 966733
yoVJTxalBvyZIx -764595 253589
qZeeJXUnVPoADquNMyx 120922 -665599
jqzaJPzrFzTJKAK -44202 -184057
xfvzmnDXJBLFHDzHfYF 574900 690030
xNeckuw 190223 -487112
pFoVHjZxViJkhME -540872 87719
DGQqZoPiMNqGQ -599190 -913854
aGvACcrjHSbvhVnu -836135 381052
BgXtNMKIJPkxD 243459 447172
DkZpnVw 421254 216001
zMJYCWTVcFEI -722861 655011
RNlHBDuzZzowlrCSD 634912 -501609
AhXxX -29330 129020
mcnvVWflXCrbeZCFHeFy -228899 -512299
JSuZwDUlzAwNVYhVFDK 578152 -769756
JxfWhTiQmBKCwEO 8688 708277
vtEgpZtOpkMjoqun 473032 972259
zVoIjYVpzCDzemYU -642825 133056
okwAlTalBfaQiH 414109 659799
weyYNf -636986 -86660
dCpEzVcxyvKfyJdGYk 597804 -251044
xAvWhBrvHyR -504064 -415716
rTKiSqqzsBD 282748 557786
CHRdyMmpaPfiCCNTbhiK -860141 244378
AraDDemdZ -265654 371415
zlJlbWDPAFXITHHjlZv 488213 660084
iPHzNjXntJKyEaA 535258 507382
npQxHBWvOugiKuhVapQ 86135 591894
Uogzzfqd 970091 360126
wkIhf -37438 -499045
QiqpoTsTTyKGVq 327285 -994681
zEnXZr -341091 -861001
aUpnXk -303974 575741
gTABdbWBgfxBSHH -153204 -926051
DEDxQCuYcpItruxX 790228 -697978
hFvwQa -414189 909322
XInohpoYtWtsWujB 201699 969619
smWZdRwJwO 227628 790463
UHDkpphzCDmaaOT 764855 196728
MHqYbMwxYUFsfkXZWA 231618 933451
SlbSDgLUpiwUw 659250 -434040
jWCUh 765871 -52992
GOpeTOmkHVcYQoEvF -97795 -827115
QXbkvaKsXpvaC -877553 674912
kypqNNvWUWHgSoZUt -676187 887601
HTuSF -64775 -209875
GSbEHJaeLoGoBZzgxj 122754 -50908
snkfCNeDHZgVfAAVIK -185596 315952
RDUUZ 241072 640244
eeiwpZYMYIFSeBQPBx -231493 168862
dsXIZzIvKXsYRADCNM 123930 832674
FCaiAKNxIIkiW 576125 -918818
YFWYweWa -558409 813756
lWFxtiMPHJyTIdYTmZ -602349 996467
FeapqTCHkIsxcYT -414984 45353
NdkQiJfCzAcpqkgnC 303542 461928
uTuSZ 307321 -317081
GyTQjEZ -192437 229341
qXSUJFzSvSTSydT 298567 -661449
xgCHIIvAaMkf 96560 555712
ZURkHX 821842 -178361
lmrQMdVSWkxXgniheGI -329856 -165466
jxSUHSYGDltDv 357546 681826
RLUSsWfTQoZhEJPc -350563 951459
byZjETSLyeVKaH -860647 18573
MfLNOljCovnMIpSU 519696 -187321
lCcCLgeumynJ 121107 -597612
XpEOTrDVuEDzkTQ 291561 819332
wyIwTRdjBgIlCG -783324 720441
CYfaq 538285 -635896
MCRfmpWQDzXkkEq 108685 -467034
ryJlifis -763411 -114823
cjbVIvpKEfU 348567 -490503
GtAZQVNHk -960721 -796370
KyZJKfzGXN 911182 854903
SShRzctIctvkjBA 576808 -233348
VdlBFyMMkbQC 133272 247706
eFAWijet 80153 602108
qlIzUSKnkBtCGtfwkX -421845 -339463
NqxDTDA -897591 954167
MeGpVyEQEYaWmtBv -938978 -443999
zuajHXojoKvGSAZ 683043 552483
fDcPgNfjYSqTEVeFRT 967142 815644
hQbJPWqef -272585 446299
WjMhlqCvSNG 196829 -259908
bYTHMCETJQu -341771 115166
JumQMFDwfWgLY 957185 -625240
lGCFQhPlfwULrn -600119 526844
JlBFZti -751516 732273
hSlbzWkQ 619012 332128
NohoYqNZ 511356 -313417
dSbwgaslJLVM -748779 -89142
aBDESSBPzsMKk 208681 -443219
MYKtzGFjf 45576 442346
cYfcfCQrCcfRG -418383 -6191
ZVQBPlldz 963590 806521
yxaXXsgmHDpTbxR 594498 792633
uOwfAyIO -903106 -395614
HpqvCXyyOz 769070 427407
GBkvdzuFIcow -854828 -75168
hLCelhkuXXhrpgvM 462931 -127193
mBViHKlZo -83888 -305133
vjBWHForZWHYK 487213 -696343
BOwSTfBkmLZT 773685 -184307
swhturVLgBpjQpZcr 747175 883836
rYQjobuDp -911482 818648
XNnqrnLBbsHpx -156973 -798260
RZgikXGkIxDNGRmDneDV -935473 -982570
qpFCZpckKNpCSwA 336555 -558882
SGiLBsqjsgDXVS -332014 71050
xCRdyYKSfTstsi 484967 147989
VBGFfWBGS -191777 507173
ibMEXLoWhCvLrRKKKt -104749 659359
RlmxylEVyYUE 258919 512945
dHcGPJLdtZjekc 76367 -444148
ptHxgSmqHjmlNPHqD 873870 -326370
eWTYyUQUjV -595021 -903958
WCbGMIKWGOApaK -839442 799856
WvGddSLcGiyyO 233795 -809500
ayHOqUoC -243126 44463
sRCyhciOFFeDhNAVOI 94587 -54776
cXZIotxBA 342777 -732256
uxFdaOWKWOGSPQIBY -479194 703808
JtqRUBpQDjm 640495 -854017
oDhZkYtwSCwuzZlm -404800 -147002
hwaQhn -446034 86451
YBIYVZIbQRlIhYgj -801628 -654684
FWjzbSlYc 371285 -8583
FsNpUzZi -602012 575880
wKkpxGBvyZLXWn -769827 432755
lRDovd 80948 -934874
GByuPzVdE 322696 -506990
YqFVEGOYp -175823 255701
HtHxiSSfnuesiaZ -256740 -468160
DWGHBrftqaS -737704 -810320
MPzwpcYWYRpPyOs 617603 457591
BVLCbFDXwa 505209 -637920
xIRJztTilvQKrEB -419047 766023
gkTdCrRXivubxeao -891811 -261017
uFHRcufxEOEM 856350 -692090
YQoRBHlYW -425728 -254986
elHMwfExpyirgI -666030 -231167
hcuDFPMHcIZ 477812 -783356
lIZCOQD -865139 -556672
nRnQrq 236240 -57077
mAnldgTHw -202914 -522693
ycegTRUYtLYfPajwuyym -950167 183175
hMekrAcllBpaGKCYAA -842030 -989706
yYZRJEBkik 635274 942948
ucSYbncWZmeqWEbPg -916394 730650
uxxcEaaxhlN -235109 -721087
zFGXmWXA -612987 165445
cZcYZjBlAlSRjxHVeS -666895 -809395
MtXFiuoopvwrEHAEqv -868988 -669658
xrRR -576940 867451
ZdhQY -369788 967206
dSKJBwYUnNVCFtr -229631 -433525
zEbIk -924812 948841
PFNblkEMpRVei 676202 642504
rStXEWrBljzWJD 160938 685636
RBceZH -143779 578
nEkgcfmctGeUwmTS 191697 52235
UhtLZEmejglrQxUzEs 450441 -771824
BNRvJeZJTDTjaUwr -375168 -704653
HvvphCk 147237 421031
uODUDbh 441928 -933437
CFsbFVNmQRBp 26264 662158
jjkOiOQmlRrLndo -360361 -754331
RsSOj 404657 -477687
xrVlUapXoKioWKGLEm 326666 326729
sgIbaoqwe -911360 -427652
uxCecJy 897100 -74649
Vlrff -222431 322858
qwGUqimmxpO -362388 -725454
crkGXPGmuicuLYaXWfGo 420632 -971942
JgWwUFcJgxeHBQJdcg -827040 542086
nHDjOanwgqHxNOb -3892 553859
nubsOHmbcAv -349102 -22853
oCYRrFSIBQbLTWnquMrU -761700 -357048
TDzqrkEfMTJqW -47457 777662
sdyqADYccBS -771177 387917
hfqYpdBGk 544467 632973
SnyZlGVyeFD -790282 778857
EwfWRinTpDfUvgmJG -724439 708044
UPuiSQmxTmRlnQuskU -935040 -981958
BEnjAiznPBfWSi 322563 478261
jeDQQRNWvHImRmPk -586110 -336384
kvSsemRAZ 309962 -535982
fUcrjOsK 606261 741380
UWuxNhMeyMWuEOXAp -439099 194273
OractQQBlcOY -106656 -891544
cfNOxnGUwKIiWgobT -901556 362614
wjgPKlJBPX 783368 -268303
kTbUcBbJhMNMDvQ -636614 -81021
gCUEKEUmzJOy 137822 845179
AstCIZbNtUCmnJxZR -448839 512042
WoCLrTvRgBVAMKQkR 55312 -653432
vTtssk 471881 676897
IeKKqVs 155621 -30110
KUedXJmepdwjWgLpKW 490435 -9335
JkUBNxTjgfkBOgQIb -49598 423857
XlAujRWRQuHufLaIDwyX -550014 -196216
TUSlBioA -703876 -24472
XJcqBalYOzlWNGapDnS 66672 479265
etjrLotbhvc -914405 771279
EWLiOZOppBNARuGkqP -213421 403139
qCczs 94769 984897
JNFJuxFgGbKGlDtJOls 454468 -865328
OrNwqkV -428737 254844
suNiBusPvvpMIL -736166 -948107
yqdeNfwjniHP 608773 -746303
zUafZ 77097 -27393
vjmJzTRWOYwKbcqmdJ -677885 -515745
rwSahovweL 461664 -164892
bAUpKtEgmy -328680 938887
hSZrLZDaVZoXMPQIiae -527114 -489664
aAAMby -934370 951320
bqnkDYCdeIDFHgaTCpd -823918 212666
gwSVxaRp -705031 778093
hQshGCbxRRxuFMIrgv -939946 220207
lAdunR -957055 -289900
VwdnkVGlKbzkvz -349182 641550
DxPndWrVA -648706 970287
eFGwKtkZezBF 859878 904219
rIdRwGMoJrhLL -871764 651361
rSKFTErKxbj -289200 -845069
VgerJiyahByTQglg -518770 807527
JEeivkSNikYNsItvH -98494 419926
cOojwaNuTz 466962 431276
uVzwAVthYJKLNGlBIHw 410172 112435
MpMGUwjQ 180517 988329
AAnqtdwDQBLMPuwP 482182 -463248
OQvQCNaSUJUZUgTNvT 24786 615066
MXZdaCBXJbdJFDayVk 989231 -704222
xZzlSgXdX 563686 499359
zdjKFkiCkAk -4144 -117726
rBXeiZWvUikyjGCFUurr 717772 -727655
kApDXwCaRBY 684555 645768
cWjuPQObZIjZCyUmlLP 78563 -967032
szcuWRfRXnCLATpRYDfF -534338 562928
aOvMe 943546 640348
jrXGrSNNlKWNxF 257132 55621
rbnXuzSEbOYKKatM 77862 950487
YojYQSZqJO -37107 810468
RPUoGtkiLITKolMW -10749 133437
vhyABWDvcjoknHlzDsZc -215384 -96926
zQplhHfpsDjl -222272 -520910
uCVcysPBKkqbmBCUXIRo -221534 843023
naPMGB 914983 -173676
yDdTbLtVtVxMSJ -60183 -423230
fBjNzEDiKoFQEQGdT -650733 478279
JmSfpTUOMLPimHK -236861 -634651
HONob -580788 -309771
ShAkdaXu -726055 853560
FnmBDFxoZ -443658 -544571
iNLoZtVOJgSfcOlgGoKE -957669 -5839
rCXboamtNn -219719 684654
ZNGlqBqcKRneFJqUEX 38495 175359
KafOsafcg 684751 474787
iTErjTzTVQj -434114 -658565
EotwXgnCszjvRCYTJprI 317649 -746075
HsFFhMekOxE -267637 683512
sIkqXurST -302768 847207
FSuESentSugdOXdSU 243088 77330
gyAMGI -212376 -346825
nwSpKuJ 135371 -553355
iweeTVVPFUguw -863364 620977
iQKPoHZBCyXcsUHyVhl 385859 -134312
shtwhLQWRnEZQt 788563 -787412
YeUHiQiTVOI -243931 324486
mOQStbRYtUcOge 895043 557625
OxFZVdZMVNhSxjSv 490366 377624
KWdbLduLCIdHV -782901 157309
YUyctyfyYHkvzgqbc -824410 295387
RAepOAjY -882498 -92161
QeAsgJU -84800 -230669
HZKYcQjRllC 755534 84162
JTWtpTuo -130989 -671377
xKYfMYbrUMC 740397 -807835
ioaIZuiAhSlrB 312088 -395810
eDwCw -607237 630184
DghxeADG 359601 534830
HWHoyPg -335678 382510
jlJlyrdwST 295180 -216857
uUvFVHeKNYZsbYMYxZ -640283 353450
gycvxdwOplKepwmeuCH -666355 -91454
WIEcOYugfsXv 845030 -422068
lKreGMASekgOQ 18570 344724
mbzScYUo -669463 112674
VlXXNoZfiQysiC -637630 -382224
qQccVD -356452 536815
bATgHrWWqbtGPMloXMuv -45484 671521
ZPeVgXCMtDKbNC 487486 -379414
VTHug 528832 -525154
QGxBJJUy 621432 729449
KDSWzaCuWf -672670 -892957
yfdWzIUoOZDFJWzmUZ -568584 797161
uJwAZyobbZOjJSeBR -103763 -420423
rHphwyAngeCuEQHSj -243678 85524
ffpigORsUahhrHNT -952122 -407237
VlPFNrBNkQJP -381543 973729
aVwVGPmmlngJSWITJx 954482 -209742
CwVopsRuHKfWKncY 528765 -581452
DRsczzdyfdFGoxB -804061 22256
uKeslMQb 116074 840365
EjPCQFdhWdpjdaL -670614 189832
bNnRxgIr -907924 -677840
HmwUwv 307596 685722
wYTDDH -984638 525317
pEUWuWbivKUEfqu -791072 782547
IzXIeeqUZEAywKyJgxM -735240 -774943
ECJaYyNwVyd 962548 -307111
jwXYWYcyKcETEDHPtuF -899857 243214
xzxNzbphJUqpCLtdtYy -473706 702171
GrjwHJc -78292 449016
SDSiyEYmCtgtZORRLQOZ 638765 -14705
qMxFRZClKKbGYq -507283 171310
EZhWwth 604670 203192
ZdXCGtCMze 732167 181324
JMCtL 997954 972140
ePUwFmE 640192 181706
uaHFuwqXf -387551 -928503
DTAWXaXdfdBFjrMzbIg 721369 -529759
YYVKhViiuwnmK 190583 449674
ZaMRwRTRWTyMMb -328944 363328
FMjWaqPMUHASTAR 757819 -524823
NiUCYDDCRW -253738 861206
gpQgnraJHQf 85162 -550202
dbaRqfhbStMuEwcEF -796513 899397
mPSFptavROofbAEvK 647025 475296
WOCvlsYiYNuDjpjs -815875 -758354
zSQjqfQPhypr 872881 -714389
claVABDRvxzoBjF 310388 308532
TjRlqn -432114 12757
RXhXGhRCgfIdB 204352 364924
KDhhNiXBWQryml -97336 753495
RHctAbTrwKu 230565 -905198
JgxdzuYBZrSMIn 163894 -169625
VGYTIqnhJLCHUKhfkEmC -830952 -954748
tAAKWesCtoofawKQhj -997860 961746
XBKrlBPfuiWDtY -209544 -696148
TkZHz -353719 114249
qmLvtRa 215598 -927567
bGVQVksuUweyH 286797 -153109
TfnjA 753001 -522261
RdqGOFAADcFpbPgOjKs 91601 -364833
KVeHwLrYMACOJLdUry -485035 543612
rTnyNDpzkkGN 50343 -247183
ycdJ -263988 -796335
eYeYUPyzMFgWZ 32982 853105
jMmrhbRcYyLuhxdD 824290 644313
QWdzcgMaNMaEtZXuBX -342632 -637447
MALNgbKyyLrUYXgrIRVh -527606 389265
rvhwnJfpPKAB 360444 -723752
QEiebbZQsZwBx -681250 -910246
XkQjcouMk -272472 811907
SWdyARNwxrPtoMvF -809276 -649275
DfDwskRESAdDThXFax 641991 529535
WDCvNHEnVAfjoSBSUpVC -585747 -944180
TqqGENcpbeHoGexnGL 303853 -333208
AYGdPy -568879 363994
sUpeMxjyGZFmhvcQD 473391 -142349
ZudiEEjulkdfOLe -186271 466047
dNeOsxE 253675 891096
EIswhMVOopAjll -506024 281027
vmZNgzMTihAap -682768 298295
NrxvMdOcQpgyycjst 644760 -557665
yiYuVOrC 292229 -738042
dAyfk -581349 708011
nLtzIKYwigvAmDtlAdES -630160 999069
dBXNYuPqa -966269 561841
nPjENecrRHYtD -284873 483450
wWBvdlYpsGIpS 515603 -446771
pIgfWQ 949927 -359889
WuFGrHuWHGVoNKJBF -843513 -705160
oYhuhIrffEklrzGkTCQe -285537 555644
jJXMdvtEVOAaFe 663312 -388979
xCxZNpySqrnSs -16244 155845
RuQJC 630776 -89401
RNlkypUlcVdIMBrofHZ -707968 711819
UbCnOyXm -332786 -510300
qdibIetNleCPBjJeorGR 387006 470186
alvPiYdAEQz -129429 440160
iWFVgmRriKjRAK -882780 -356654
qGoaqxMFZSAV 186178 -47385
GTijzam 394388 -8839
ziMzxrBHFyxSS -975827 -372092
olnuruAnj -149800 77780
tYZta -551513 -376888
BzqubzCFV 696351 140435
eUSQgsCt -88246 -445942
NguaxLNLgLilB 970072 589782
fbVaXtAejQiPazHRUbDs -655054 -958783
otvFZSGninm -789403 -665452
fprgAznFgT 482117 456538
KEwuqfVcqGcJjwGLaIXJ -949234 788862
DauKO 468221 -732146
dtzVmywKYiufYDmvEyX 265025 -444734
nBRbQaCgNzZifUI -252592 693809
XprylFnFXZClJvFA 822135 -910762
nQvYjcaRLyRedOBkuXj 318400 702330
HnBeiwYjGUAut -957262 196912
pYvbmW 288450 32442
mVyQVsj 969810 -836083
TGjtny 903722 291396
XYItoLWDZAwf -344661 559918
NNImOcfOlSCJzzmHoV 714008 519438
jNuRudYPGjgeQAifce -618805 332221
WhmBdfVJtXXMpP -129045 664126
uDnPbvJIVzavY 269419 976353
sDIEYHONY 151752 286786
eYkOReH -273161 -760143
fcImIdG 771230 473701
MqPJMRjzWymOeHDzuMAx -964382 864670
czHxvdRRkEqeSl -441767 -148599
kDtHAaMhtlarIvPb 419480 841659
cKfkDWn -137978 84282
rIWFyNveihKSYU 213310 850110
sjcNlCRExOxk -847003 293494
BDVENlEBCkKZLwefZJ -805033 -806250
EkHYftflWwoeLrtZX -64525 822387
CiiGTUInBM -348086 489099
eIlGztGmjBmgVmRcyq -96798 342776
BEdeSvpwBESdCN -248395 638320
ENgNgvQFj -882093 -820076
OxYWeQA 745087 820618
BIogX 166595 522469
EIeCLhYkdMjuuXcY -6221 75712
jrFtwMAr -890138 666678
JjYUvWk 675598 -678685
IucBP -180987 -87349
dlfYuxGGKUKx 302550 -65257
PKmGhTWN -355845 -456119
bTpBi 997652 637157
hTOETJxgmaByvrl-AAnqtdwDQBLMPuwP
kRbdnErOGmHdZzkWoOx-aBDESSBPzsMKk
DTOUWAYsrGoedFH-acvPoGXfOLSYSDeCj
NCHkhydJjqVj-aEiDhmGhfX
PAFiBfUvDDWmDBlrCax-AFTpqhkOZJoGtlBmw
NjuyQJSegvCeXMwHw-aGvACcrjHSbvhVnu
ldCANOFUPg-aHcljcRRbnNIddcUrDl
oYcdGCiWAXN-AHHLpn
vwYhqavhRRQnhAYfs-AhXxX
lzOleKhtdwGrnyP-aionxttjE
UBsJMsY-AkIpKRsTGoF
KbrxpgTguJEnISP-alvPiYdAEQz
KgHAcLvBUjVPLKAdO-AlXhrEmOA
HprIDvpTuoNvqMb-aOvMe
YsIXDXw-apCHYxuWDWF
oyeswMLdcMsUlc-apggIcnglDaEJxvus
jLhpGylWPZZMT-AraDDemdZ
fPnkktCldXupQ-AstCIZbNtUCmnJxZR
xQHTSTIxUoBlzHbPmG-asVJDyjxcjuzdBIdPRED
ZCHBBliSFg-aTuALa
rnvFegmsnaTTiaWh-AuLxDNPJMnEiCEWTvOZH
vrrQRAdTmUuMyWSYK-AuniMjCWYaSCmqwF
ysoAqDwKWzfoYCRNT-aUpnXk
TXvIFiDDuNvHhNZjWiXo-aUSemtgHOOxXO
dxiqPCFDShUkKSV-aVwVGPmmlngJSWITJx
fkXkVaQoScGTgFtmak-AwRFauFUNMIvIib
EOhgfq-AYGdPy
NCpaKfwMzMAwZj-ayHOqUoC
FIVQRSBQgqG-AyIuzdldTK
WppVNFdkyrkgZIn-azRdUmw
pCTJVCTqGldcLl-AzuflPnMsX
zfIPcrr-bATgHrWWqbtGPMloXMuv
MEJzIvKfDGHc-bAUpKtEgmy
IDDYv-BbHnAiCi
riJXNdTqVuUzPdXO-bBNWXbC
vWqHGIUNlbgooNBaU-BCMVXo
SBOXZyoRbjtxd-bdQAmIppzrWD
JMapIg-BDVENlEBCkKZLwefZJ
XOwWYriYbax-BEdeSvpwBESdCN
rjlgKSXQuFCf-bekzLPMkfkTmBAEjkbCh
JyEBsBCIAx-BEnjAiznPBfWSi
sxaugbfpRMHEmcOeHSIH-bGCjyWcdOazFvfqXvIDZ
xGDLe-bGVQVksuUweyH
oUtkiF-BgXtNMKIJPkxD
AyIuzdldTK-BIogX
WllGZjxCbsHL-BjjshpDwlzxyKuPm
BjjshpDwlzxyKuPm-bjWXJpnHv
krSkhgrGwUUVnqseJFjV-bKIxl
GgCabHSeqIRmqWOdQij-bMaLZnbQtyMm
vgxvM-bMvWHscxDlyMJIr
wPCwseQ-bMXbH
TyuqZqzilmOmUz-bNnRxgIr
yrEeZCBLlt-BNRvJeZJTDTjaUwr
huEuhWyXLDcz-bosFUuRMHYagzijBbA
raTeTjczhbnQ-BOwSTfBkmLZT
jvAArDcOxF-BPTvAIhOfGBKdImcnb
jgEWz-bqnkDYCdeIDFHgaTCpd
bsGaySvbRHz-bquAzNpP
DziiNdQsB-BsBgzbJE
wSpxljyEz-bsGaySvbRHz
gAeHffKnbfRrAhQhn-bSonqYKtVF
SqlyEgAyIYQtMRivlf-bSuBnwzcYwaVTq
CKJnkmftYJceeX-bTpBi
zjmaTR-BuoinecNKn
WAGImeDcWxDIlai-BVLCbFDXwa
hvwNWnPR-BwpEGyrrDjOIGt
klpUZAjqAOoZEUPMnFSF-bxGNpdMDPA
swNMGzaiTIyoAV-bYTHMCETJQu
wKLUfAqGBtGRpcZ-byZjETSLyeVKaH
klyOHddseIBvzbAiOD-BZlxhPwqVoAqbAK
gQeuf-BzqubzCFV
QXbqBLwx-CALqxRPrzIVnfBRILnPo
qXpZQCYARVA-CcUuEBfxE
MwBUXwk-CdHqIZfiu
ncdsvTXTzUpafjrlnYJg-cDkUNcbqngtuEV
lJBvSSoEFoNbalnMu-CfNBRStrEnvxl
tsEniChaKryCLdj-cfNOxnGUwKIiWgobT
unELfzYhDvm-CFsbFVNmQRBp
gxjvlcbeAxFkEEltyqp-cFstZiOQHPIYrj
pTnQVTQaryYMtf-cGTYpjj
cFstZiOQHPIYrj-CHRdyMmpaPfiCCNTbhiK
bMaLZnbQtyMm-CiiGTUInBM
JAMsDCGvnSMW-CIzrIIarNe
hXyKd-cjbVIvpKEfU
jHemlfib-CjlWcGp
PAQUM-cKfkDWn
vWKOego-CKJnkmftYJceeX
ONkqzhEyAEIXhqo-ckJVJDMK
KpwCtkvPHJyDvZpqG-claVABDRvxzoBjF
rCqdFtnDtZbJr-cLEaYbFLhTz
EgGffTdeNfqgQuCb-CLtcDHHcaYiVFPctbHW
jNUyB-cmDxUTjxmNwTZQHloG
VSMVfzGRkIFVR-CMfMzOFUmixzMGqd
OHIUWVTsazELtwr-CNtjjspqGXgpvHX
zDIPGCHx-cnYWLCtHWextdoB
DQKLYZ-cOojwaNuTz
coTIIInsgNcIv-coTIIInsgNcIv
dBbfoomQVTkJGvR-CoTZbHTK
zmMJeBYyzzpdtuWEJ-CpAqeXNveqeAXaSBWY
ZvlOnrTTif-cqMiuJLehGvHqgnnxn
ltnphqL-crkGXPGmuicuLYaXWfGo
lWKJyahfqT-CSqGyoYjkUlw
usvLCzpJapOg-CvYYIedlXCmqF
fVdXhitamXjmK-cWjuPQObZIjZCyUmlLP
ekcInopUdnEcTPizqns-CwVopsRuHKfWKncY
fCPraqMBhTCwgfRJ-Cwwavyf
gjRtQ-CXTjPaqKtARXyjdtxl
hipiSItftkMhi-cXZIotxBA
FOZPaFHzgOgDoSfMxM-CYfaq
KbZskOxWpcrPNOObrZ-cYfcfCQrCcfRG
kvWUKsGOAptYxutWNvR-cZcYZjBlAlSRjxHVeS
NDDZbcEQCPug-czHxvdRRkEqeSl
GTVenCZiPZibBIPmE-DalyxCXiOneKRaVjGs
QXVcKlVsZhIYe-DauKO
GxrroRgCG-dAyfk
iQGHLlLk-dbaRqfhbStMuEwcEF
nNcjiabij-dBbfoomQVTkJGvR
iyKCTxEGbktS-DBhZXLpXMoP
nhqSCk-dBXNYuPqa
RKyviWe-dCpEzVcxyvKfyJdGYk
XzCYGUX-dcqEdxUNVcICJoI
pfqQnsNpJPVEkMJxbM-DEDxQCuYcpItruxX
RozZsRF-DfDwskRESAdDThXFax
XjDCrEbsZQPPTE-DFVPjxALI
ZwMpmDMirYNjjhj-DghxeADG
HABjd-dHcGPJLdtZjekc
UgJOhbUumuhStjtai-dHwJUJyu
zsYYSUbWzxjw-DjIAFQA
BbHnAiCi-DkZpnVw
XJUMgAJXKV-dlfYuxGGKUKx
nmEnqnlQfdQrJrexxn-dNeOsxE
vQOfKQDGpVbWlu-DQKLYZ
ZBMzWlKgyhRKqP-DRsczzdyfdFGoxB
EcwtyAp-dSbwgaslJLVM
BZlxhPwqVoAqbAK-DsEXWAEAaIyqXdDhVW
jUWgY-dSKJBwYUnNVCFtr
FihsxwaSNPnjTAN-dsXIZzIvKXsYRADCNM
TPvfxYUBJpSmab-DTAWXaXdfdBFjrMzbIg
WlbdigLbZLOzlbzTIREy-DTDJNHvdqgDbXdb
DsEXWAEAaIyqXdDhVW-DTOUWAYsrGoedFH
phKgNAjipaeSKgMHXpO-dtzVmywKYiufYDmvEyX
lhLsQX-DWGHBrftqaS
asVJDyjxcjuzdBIdPRED-dxiqPCFDShUkKSV
zzNukFMkq-DxPndWrVA
JPsRtqJGvYNcCLsu-dYmDHmVAlpGFKOh
jiuLNkaZqlvG-DzbONqFHiMfuLFryKO
bjWXJpnHv-DziiNdQsB
AHHLpn-dzwNLnKk
CjlWcGp-eaReZUX
hLyexTfwCQGg-ECJaYyNwVyd
vkuyAfAngQBhfMyfeLF-EcwtyAp
Cwwavyf-eDwCw
OyoZumDQfwkK-eeiwpZYMYIFSeBQPBx
CNtjjspqGXgpvHX-eFAWijet
StQfTKPJhSrGPnNTE-eFGwKtkZezBF
uiziIYKtXzAyrjTR-EgGffTdeNfqgQuCb
UjxCMtBhmEJJ-EgkhboJJgNja
IgsJFQbeiaY-EIeCLhYkdMjuuXcY
pyIAyJssQQhJMc-eIlGztGmjBmgVmRcyq
EJiqspZwgLmSnhlcry-EIswhMVOopAjll
WyfhfswwE-EJaeb
xRtridD-EJiqspZwgLmSnhlcry
aionxttjE-EjPCQFdhWdpjdaL
ZlDjJncqEszD-ekcInopUdnEcTPizqns
ZtuGPdqkOAd-elHMwfExpyirgI
bSuBnwzcYwaVTq-ENgNgvQFj
qrlwsxqdNgbjONhPP-eNuzelhRf
KWuYjHqMseXnV-ENZkKKwopfm
zDVgleKwNNLUVRVtlsI-EOhgfq
bMvWHscxDlyMJIr-EotwXgnCszjvRCYTJprI
yJYGdhklEzg-EpipKZjhicTVM
CvYYIedlXCmqF-ePUwFmE
EsJSFSaJMvMbKBDniN-eQCyyBddKKCjNPMf
kzeNeePTzwYo-EsdEwQDXqOnTQWTWmKD
mePNOPMfMq-EsJSFSaJMvMbKBDniN
fZezWPiFlxKDQpUuj-eSLoS
yBlCDJTGjt-ESRxgeeCUhnO
WglrcnXCdrOQgHh-etjrLotbhvc
zbtuEJNvGEdECyUy-eUSQgsCt
aUSemtgHOOxXO-EwfWRinTpDfUvgmJG
JyyqPeln-EWLiOZOppBNARuGkqP
hQwahgjKa-eWTYyUQUjV
vyhbndJTSVy-eYeYUPyzMFgWZ
YUNfWDJZrPqoc-eYkOReH
rWaqwBUhEGFCoz-EZhWwth
XlYiZRAM-fBjNzEDiKoFQEQGdT
Vdhnz-fbVaXtAejQiPazHRUbDs
QBVmakdGCrSFLIvsNsH-FCaiAKNxIIkiW
tebMfgeiEtqQ-fcBdJoO
CoTZbHTK-fCPraqMBhTCwgfRJ
tAooBRvJuGh-fDcPgNfjYSqTEVeFRT
gLZWbMbw-FeapqTCHkIsxcYT
WnvECfNCWEXxjtpioj-fEFkgeN
maRpmimZyWwhPzUCL-ffpigORsUahhrHNT
uFziqNOgpuGRGpRmZ-FihsxwaSNPnjTAN
IJMGBXgDfHHl-FIVQRSBQgqG
JoMdcMqZyLOGMFiiJ-FKjrDNBzaXOnnnY
VAslZdNmlzOKtU-FkPcAclz
Yofbixsx-fkXkVaQoScGTgFtmak
tcOtOA-FMjWaqPMUHASTAR
wlAioxnZHfDOxm-FnmBDFxoZ
gMPeseuFmvFVTiHeIY-FOZPaFHzgOgDoSfMxM
EsdEwQDXqOnTQWTWmKD-fPnkktCldXupQ
ENZkKKwopfm-fprgAznFgT
PWBEkfi-FQbiaBjnFjgBmhCXLhM
OClUUKoEct-fRTazcMpIcUPERA
oDGnUcrwhCBKthHxbLY-FsNpUzZi
wprrdcTFTuFtdHph-FsTEdeHAVMXgb
HQFGYGeLE-FSuESentSugdOXdSU
acvPoGXfOLSYSDeCj-ftcZARm
bekzLPMkfkTmBAEjkbCh-fUcrjOsK
ujHhDjWclCvgouCkySXD-FudODkzpylokA
CMfMzOFUmixzMGqd-fVdXhitamXjmK
sYvkubDF-FWeYwTOVKAHz
MwmrxWoSEqHtt-FWjzbSlYc
QHuxWZnjfaVuGHfJ-fZezWPiFlxKDQpUuj
qrHyGlz-gAeHffKnbfRrAhQhn
vUHiunrQzboBUymCE-GBkvdzuFIcow
jpNbVBR-GByuPzVdE
PJGVbybKICEvxlE-gCUEKEUmzJOy
XXLBxHziSVOEUSDAj-gjRtQ
cmDxUTjxmNwTZQHloG-gkTdCrRXivubxeao
ROaFrGeelPLkpbi-gLZWbMbw
nvsniqPgygcL-gMimSuZP
NxkyxjfXAwsrwbvQWINd-gMocfvThcvAf
OIvkBCfWT-gMPeseuFmvFVTiHeIY
rDSmZfzxIugrgRJlmp-gMXBU
SPXyHV-GnRZkuhGPjduTIfjhW
MFqvccZvADJRIDZgr-GOpeTOmkHVcYQoEvF
hHRCvzZlEUL-gpQgnraJHQf
PMwtNaFU-gQeuf
qgAohNDiqBC-GrjwHJc
AuniMjCWYaSCmqwF-GSbEHJaeLoGoBZzgxj
vxjOszgRZsQZYDlOcg-gTABdbWBgfxBSHH
kvbPlwXPssSNxGpI-GtAZQVNHk
XXYah-GTijzam
CIzrIIarNe-GTVenCZiPZibBIPmE
sjzHHOiZQJinuc-gwSVxaRp
AlXhrEmOA-GxrroRgCG
bGCjyWcdOazFvfqXvIDZ-gyAMGI
iYHvTLJljYdIYbA-gycvxdwOplKepwmeuCH
fcBdJoO-GyqDgqrRLYxijvivsp
IKZhfiCoVLHssLzctpc-GyTQjEZ
YdQLVYXCwjSItGPgB-GZdyExBXtnRXJHB
nstjSuvYdhdD-GZfBhmk
WPjVhs-HABjd
seFIOeLkp-HBjyOzTvLvThDjI
UaosRgnBpqKsG-hcuDFPMHcIZ
FWeYwTOVKAHz-HelFIG
JuHkpXhjYRoNZUYl-hfqYpdBGk
JPIfknU-hFvwQa
yjQaTKsVedE-hHRCvzZlEUL
sJiJVdeuifcUUEh-hipiSItftkMhi
picavl-HJIpzivi
wRZCIoOvgUhJQYfNJ-HJTIawsF
MJoBDHSJ-hLCelhkuXXhrpgvM
xgXELGhJvHFTpriee-hllvX
lFFqFcrOif-hLXAoKsmqccqPGRdX
qSgSLvpaPefmZ-hLyexTfwCQGg
BsBgzbJE-hMekrAcllBpaGKCYAA
iBcGhwaLgg-HmwUwv
JoVQdPRDdqRBQM-HnBeiwYjGUAut
TvsTTimaUvb-HnGlbSzMJ
CfNBRStrEnvxl-HONob
UwMKOTAjjiOXLvbrF-hPDszmwViiLzhLwVJMgn
rnCOj-hPlGtKeEbeZlJZAfxId
jWvUmTPtRTZBYb-HpqvCXyyOz
ckJVJDMK-HprIDvpTuoNvqMb
xAsHBHFueRJVHZW-hPUWKMeMrKpYW
vAgBHe-hQbJPWqef
GZfBhmk-HQFGYGeLE
EgkhboJJgNja-HqNCVLYVj
yDeQviJwfBTgSCj-hQshGCbxRRxuFMIrgv
RpGDGiZuzDvA-hQwahgjKa
NhVKAHkxROIuFbKmLzyM-HsFFhMekOxE
ZEaYnnobapJfpFBOQtM-hSlbzWkQ
oeBbjUmo-hSmAgGYnjlVQDTYgSf
ogpHF-hSZrLZDaVZoXMPQIiae
YHLiWJRShDL-HtHxiSSfnuesiaZ
rDvhGwfgMsuHIzM-hTOETJxgmaByvrl
mnDEi-HTuSF
aHcljcRRbnNIddcUrDl-huEuhWyXLDcz
zYBrzLfxTsCJt-HvvphCk
eaReZUX-hvwNWnPR
hLXAoKsmqccqPGRdX-HWHoyPg
KGHgdBuUyqfkEExEs-HXgzB
bKIxl-HXRCSMe
UxPzNYJPbLo-hXyKd
ACpPIc-HZKYcQjRllC
CdHqIZfiu-iBcGhwaLgg
yONFgzlP-ibMEXLoWhCvLrRKKKt
obpvzOzSouYFiT-IDDYv
qmhxOJFLzAmohcS-iDMEAwcNqlSrL
IVeeM-IeKKqVs
AFTpqhkOZJoGtlBmw-ifKCRQFtFMAXkewJG
BPTvAIhOfGBKdImcnb-iGCNRWevGK
ptnRhNiTyVgjkldfB-IgsJFQbeiaY
tvBkTBMneG-IJMGBXgDfHHl
RDPrbzklFmjf-ikXcEmTP
VKKjVbswYjlgMhvg-IKZhfiCoVLHssLzctpc
rusegkeoywDqY-imdPvc
XJVZO-InHTuvc
oNrTkrvHuQV-iNLoZtVOJgSfcOlgGoKE
eNuzelhRf-ioaIZuiAhSlrB
QjpCewOy-IoIWGaLjm
EjbDunGYtsTn-IPdoMivb
xEArDHdrMRRvoCIRNZ-iPHzNjXntJKyEaA
zKmAYLEIebgqELekG-iQGHLlLk
RnXfTcJCK-iQKPoHZBCyXcsUHyVhl
ripiHZoK-ISuoyeQG
qGpxYxWJ-iTErjTzTVQj
jKfZMHG-IucBP
FudODkzpylokA-IVeeM
wgpaZjLcLXdremV-iweeTVVPFUguw
yKkFBvhGKeEqSREIDpE-iWFVgmRriKjRAK
AzuflPnMsX-iYHvTLJljYdIYbA
QoHCXrHrm-iyKCTxEGbktS
InHTuvc-IzXIeeqUZEAywKyJgxM
AkIpKRsTGoF-JAMsDCGvnSMW
gMocfvThcvAf-JdLQkHCBeErLwKtFvP
pbDiEHYUuCpOZss-jeDQQRNWvHImRmPk
JwtIxoih-JEeivkSNikYNsItvH
XoMiMUL-jgEWz
MVOFLveoAcHIuxmhFtGB-JgWwUFcJgxeHBQJdcg
Onivd-JgxdzuYBZrSMIn
jNpCUZeIjL-jHemlfib
cqMiuJLehGvHqgnnxn-jiuLNkaZqlvG
IPdoMivb-jjkOiOQmlRrLndo
zTFIF-jJXMdvtEVOAaFe
mWdTFGpudaJx-JjYUvWk
wOvresXEPFnXu-jKfZMHG
qFwXwBmSOrOtaY-JkUBNxTjgfkBOgQIb
RkbkVebVNxqG-JlBFZti
aTuALa-jLhpGylWPZZMT
vtwXUrsr-jlJlyrdwST
CALqxRPrzIVnfBRILnPo-JMapIg
YWlOElWTKof-JMCtL
yQunNEhlvcIfkFWjgx-jMhzuzHaNMQPepSmHAtz
nVzzLKxOkFq-jMmrhbRcYyLuhxdD
vNUKvpiV-JmSfpTUOMLPimHK
cGTYpjj-JmzkcMoV
lkbWckKQFW-JNFJuxFgGbKGlDtJOls
MPAHGCmPmKFIIupKOe-jNpCUZeIjL
VBhPrj-jNuRudYPGjgeQAifce
mrzdMDyXwcyyJihi-jNUyB
jQOjCwHkxlq-JoMdcMqZyLOGMFiiJ
KOYkefcGGlhiNgJTx-JoVQdPRDdqRBQM
VLjrbJbmEYJIpOu-JPIfknU
jxkufuKSksQRN-jpNbVBR
HXRCSMe-JPsRtqJGvYNcCLsu
nvDOfdkFvxLXqt-jQOjCwHkxlq
SUnghyguCCzlWgGEzd-jqzaJPzrFzTJKAK
TntdpWZIFSVGm-jrFtwMAr
UKZpyz-jrXGrSNNlKWNxF
XeLLVYS-JSuZwDUlzAwNVYhVFDK
ZPUHDXQbbrN-jtEGwHwy
PdSrvskcHicEnaF-JtqRUBpQDjm
iGCNRWevGK-JTWtpTuo
apCHYxuWDWF-JuHkpXhjYRoNZUYl
WRvXomRfSZoOwn-JumQMFDwfWgLY
ISuoyeQG-jUWgY
vSVyjPhY-jvAArDcOxF
JYwEpGgfJuloLUpKGjV-jWCUh
VMXZhSBaQnvqcnGutx-JwtIxoih
nKTPqPmboiVuf-jWvUmTPtRTZBYb
SfmDGzwKNJYhRLdczFM-jwXYWYcyKcETEDHPtuF
eQCyyBddKKCjNPMf-jWzuWi
IoIWGaLjm-jxkufuKSksQRN
UEJVzvYfHcCNlhLi-jxSUHSYGDltDv
QaZeLEPeQthhOtMnxaK-JyEBsBCIAx
xqgAdDWiQuOS-JYwEpGgfJuloLUpKGjV
HBjyOzTvLvThDjI-JyyqPeln
RiQrRQQKl-JZuxczBHcmuNLeoUuLWO
koKdRQYIZGYdPCUXjo-jzxKSgYaeFh
fEFkgeN-KafOsafcg
FkPcAclz-KbrxpgTguJEnISP
OMYwCRdaNkuTNYJ-KbZskOxWpcrPNOObrZ
gMXBU-KDhhNiXBWQryml
hPDszmwViiLzhLwVJMgn-KDSWzaCuWf
yArzognNEi-kDtHAaMhtlarIvPb
MkDzMvcQ-KEwuqfVcqGcJjwGLaIXJ
iuUAeCxR-KgHAcLvBUjVPLKAdO
eSLoS-KGHgdBuUyqfkEExEs
ZxalNIBsJ-kjnNnDvMCET
zmoReXfRZJOUYEm-kKuCqmQ
dzwNLnKk-klpUZAjqAOoZEUPMnFSF
vNzOAidEOxK-KLyesHhZJUqnTjKJlgl
FsTEdeHAVMXgb-klyOHddseIBvzbAiOD
KmNQouZMx-KmNQouZMx
kWMfA-KMPWiZk
WcaWxcFMlcQa-koKdRQYIZGYdPCUXjo
oTnNzLHjRQoQ-KOYkefcGGlhiNgJTx
CcUuEBfxE-KpwCtkvPHJyDvZpqG
hSmAgGYnjlVQDTYgSf-KqiyfWSJJByG
dYmDHmVAlpGFKOh-kRbdnErOGmHdZzkWoOx
vLutcoqYWvJV-KRnxljnIwH
cLEaYbFLhTz-krSkhgrGwUUVnqseJFjV
ORxQkUIK-kTbUcBbJhMNMDvQ
tcTLHdEzQrASdjEM-kTTKxrkv
DFVPjxALI-KUedXJmepdwjWgLpKW
HnGlbSzMJ-kvbPlwXPssSNxGpI
hPlGtKeEbeZlJZAfxId-KVeHwLrYMACOJLdUry
ZglUVlfeddb-kvSsemRAZ
YiWFtNwljmuqsVuRkAmd-kvWUKsGOAptYxutWNvR
DjIAFQA-KWCdEecJzNJEuHvSuPu
HqNCVLYVj-KWdbLduLCIdHV
NjbjaQwAZkihQXoKKM-kWMfA
AuLxDNPJMnEiCEWTvOZH-KWuYjHqMseXnV
ftcZARm-kypqNNvWUWHgSoZUt
oTqLwOhLLQUzmEyW-KyZJKfzGXN
JmzkcMoV-kzeNeePTzwYo
BuoinecNKn-lAdunR
MyijnqFFJQtGGzEnU-lCcCLgeumynJ
bdQAmIppzrWD-ldCANOFUPg
mcGHnhrPLFwd-lFFqFcrOif
ifKCRQFtFMAXkewJG-lGCFQhPlfwULrn
KqiyfWSJJByG-lhLsQX
jMhzuzHaNMQPepSmHAtz-lIHflGJiCBZhycm
YHyLEqopmEvNIemJtE-lIZCOQD
OEVVsJs-lJBvSSoEFoNbalnMu
jtEGwHwy-lkbWckKQFW
tqmUddXZzBnaS-lKreGMASekgOQ
ndAhliXjOT-lmrQMdVSWkxXgniheGI
TYEAJnfotzylgxIF-lntyOQPXl
RzbXkLj-lPJMipxQkIuAIjyYdFu
MnwtKCrFiXJ-lqoqvv
KWCdEecJzNJEuHvSuPu-lRDovd
lPJMipxQkIuAIjyYdFu-ltnphqL
yRIhwalqNsMY-lWFxtiMPHJyTIdYTmZ
udicpHMlIlMPkkC-lWKJyahfqT
GyqDgqrRLYxijvivsp-lzOleKhtdwGrnyP
bMXbH-MALNgbKyyLrUYXgrIRVh
dHwJUJyu-mAnldgTHw
xPoBnVDsOiIchP-maRpmimZyWwhPzUCL
zIkazuWwGmEaLg-mBViHKlZo
SKpvVHXmgtnxznOhzv-mbzScYUo
vafuPpcpopMFv-mcGHnhrPLFwd
vBKgxASSJDrppRo-mcnvVWflXCrbeZCFHeFy
UZYnSkGNtzNQGDDc-MCRfmpWQDzXkkEq
mYaJWziUDHqV-MeGpVyEQEYaWmtBv
TkmMaS-MEJzIvKfDGHc
lntyOQPXl-mePNOPMfMq
OTbTbfjEl-MfLNOljCovnMIpSU
ZomNJCeSnnSjlSnLayE-MFqvccZvADJRIDZgr
JdLQkHCBeErLwKtFvP-mgyNMBQfXIZopTjWAML
UalarcmLciZbgzObL-MHqYbMwxYUFsfkXZWA
bquAzNpP-MJoBDHSJ
jzxKSgYaeFh-MJvvRcBbaeKsshwG
twvtcYBm-MkDzMvcQ
HelFIG-MlSwZ
bBNWXbC-mlZqmuoTtbUA
QtxmlARy-mnDEi
pmdyHzTYABLumj-MnwtKCrFiXJ
MlSwZ-mOQStbRYtUcOge
uVTfcWComUNPT-MPAHGCmPmKFIIupKOe
KMPWiZk-MpMGUwjQ
npfXsnkMtYmQFIKa-mPSFptavROofbAEvK
GZdyExBXtnRXJHB-MPzwpcYWYRpPyOs
CSqGyoYjkUlw-MqPJMRjzWymOeHDzuMAx
uJAbfmySolaoceBFwf-mqyNqlQZjvXVsLGNdH
rFYGgjkwKMaNn-mrzdMDyXwcyyJihi
YXHDd-MVOFLveoAcHIuxmhFtGB
oGYpbWC-mVyQVsj
XWWyRVqlZfZh-MwBUXwk
kjnNnDvMCET-mWdTFGpudaJx
DBhZXLpXMoP-MwmrxWoSEqHtt
YoPPV-MXZdaCBXJbdJFDayVk
XiihjbFIncAKeJb-mYaJWziUDHqV
tnbWkiyJ-MyijnqFFJQtGGzEnU
YpaAEBHtXzGmVGqHltJ-MYKtzGFjf
RoKPDgahWRtbZVQ-naPMGB
uDeoCBnwxtBLmZ-nBRbQaCgNzZifUI
vrxnqJXvRe-ncdsvTXTzUpafjrlnYJg
jWzuWi-NCHkhydJjqVj
hPUWKMeMrKpYW-NCpaKfwMzMAwZj
FKjrDNBzaXOnnnY-ndAhliXjOT
yqdKkCFvFoLCOHtENq-NDDZbcEQCPug
hllvX-NdkQiJfCzAcpqkgnC
ESRxgeeCUhnO-nEkgcfmctGeUwmTS
FQbiaBjnFjgBmhCXLhM-neycAOixgIO
DzbONqFHiMfuLFryKO-nHDjOanwgqHxNOb
bosFUuRMHYagzijBbA-nhqSCk
RXRIPIE-NhVKAHkxROIuFbKmLzyM
QxvFBsKX-NiUCYDDCRW
NmwdrabjVeUg-NjbjaQwAZkihQXoKKM
apggIcnglDaEJxvus-NjuyQJSegvCeXMwHw
uivPVbAeg-nKTPqPmboiVuf
BCMVXo-nLtzIKYwigvAmDtlAdES
GnRZkuhGPjduTIfjhW-nmEnqnlQfdQrJrexxn
CpAqeXNveqeAXaSBWY-NmwdrabjVeUg
imdPvc-nNcjiabij
wjZuLNIZXnadFiWlI-NohoYqNZ
mlZqmuoTtbUA-npfXsnkMtYmQFIKa
DalyxCXiOneKRaVjGs-nPjENecrRHYtD
XHtJjjUITjvaHnB-npQxHBWvOugiKuhVapQ
pWkmzAgLMBQcjUxLrfWb-nQvYjcaRLyRedOBkuXj
bxGNpdMDPA-NqxDTDA
CLtcDHHcaYiVFPctbHW-nRnQrq
pFfNXfUJjZ-NrxvMdOcQpgyycjst
RzVbrMKQhHXbRvnj-nSOwqOlhMnUOfZEBq
aEiDhmGhfX-nstjSuvYdhdD
XXlnkuybsNgpdhRHCOrl-nubsOHmbcAv
neycAOixgIO-nvDOfdkFvxLXqt
gMimSuZP-nvsniqPgygcL
azRdUmw-nVzzLKxOkFq
qeJNRYIOwRCuAC-nwSpKuJ
fRTazcMpIcUPERA-NxkyxjfXAwsrwbvQWINd
ikXcEmTP-obpvzOzSouYFiT
bSonqYKtVF-OClUUKoEct
OwahWZqTK-oCYRrFSIBQbLTWnquMrU
mqyNqlQZjvXVsLGNdH-oDGnUcrwhCBKthHxbLY
RfiMpZntwaznDQcRYsWj-oDhZkYtwSCwuzZlm
cDkUNcbqngtuEV-oeBbjUmo
qnfcOmEEXHNzUe-OEVVsJs
wULKdETevVgCXgdyVbo-ogpHF
uEikTUQrxvUQElowsRh-oGYpbWC
iDMEAwcNqlSrL-OHIUWVTsazELtwr
EJaeb-OIvkBCfWT
HJIpzivi-okwAlTalBfaQiH
rPUhNCVYyX-olnuruAnj
cnYWLCtHWextdoB-OMYwCRdaNkuTNYJ
pVYRHwUHrl-Onivd
VVqhKSVMmSVtQPIbMl-ONkqzhEyAEIXhqo
wtnAJurdaeHHXco-oNrTkrvHuQV
kTTKxrkv-OQvQCNaSUJUZUgTNvT
yFyeApq-OractQQBlcOY
tlToLVdhOdLfO-OrNwqkV
nSOwqOlhMnUOfZEBq-ORxQkUIK
JZuxczBHcmuNLeoUuLWO-OTbTbfjEl
VXoWDAIbTmYepQWDc-oTnNzLHjRQoQ
KLyesHhZJUqnTjKJlgl-oTqLwOhLLQUzmEyW
BwpEGyrrDjOIGt-otvFZSGninm
HXgzB-oUtkiF
EpipKZjhicTVM-OwahWZqTK
KRnxljnIwH-OxFZVdZMVNhSxjSv
HJTIawsF-OxYWeQA
yoVJTxalBvyZIx-oYcdGCiWAXN
qZeeJXUnVPoADquNMyx-oyeswMLdcMsUlc
jqzaJPzrFzTJKAK-oYhuhIrffEklrzGkTCQe
xfvzmnDXJBLFHDzHfYF-OyoZumDQfwkK
xNeckuw-PAFiBfUvDDWmDBlrCax
pFoVHjZxViJkhME-PAQUM
DGQqZoPiMNqGQ-pbDiEHYUuCpOZss
aGvACcrjHSbvhVnu-pCTJVCTqGldcLl
BgXtNMKIJPkxD-PdSrvskcHicEnaF
DkZpnVw-pEUWuWbivKUEfqu
zMJYCWTVcFEI-pFfNXfUJjZ
RNlHBDuzZzowlrCSD-PFNblkEMpRVei
AhXxX-pFoVHjZxViJkhME
mcnvVWflXCrbeZCFHeFy-pfqQnsNpJPVEkMJxbM
JSuZwDUlzAwNVYhVFDK-PgTwadjuLSqb
JxfWhTiQmBKCwEO-phKgNAjipaeSKgMHXpO
vtEgpZtOpkMjoqun-picavl
zVoIjYVpzCDzemYU-pIgfWQ
okwAlTalBfaQiH-PJGVbybKICEvxlE
weyYNf-PKmGhTWN
dCpEzVcxyvKfyJdGYk-pmdyHzTYABLumj
xAvWhBrvHyR-PMwtNaFU
rTKiSqqzsBD-ptHxgSmqHjmlNPHqD
CHRdyMmpaPfiCCNTbhiK-pTnQVTQaryYMtf
AraDDemdZ-ptnRhNiTyVgjkldfB
zlJlbWDPAFXITHHjlZv-pVYRHwUHrl
iPHzNjXntJKyEaA-PWBEkfi
npQxHBWvOugiKuhVapQ-pWkmzAgLMBQcjUxLrfWb
Uogzzfqd-pyIAyJssQQhJMc
wkIhf-pYvbmW
QiqpoTsTTyKGVq-QaZeLEPeQthhOtMnxaK
zEnXZr-QBVmakdGCrSFLIvsNsH
aUpnXk-qCczs
gTABdbWBgfxBSHH-qdibIetNleCPBjJeorGR
DEDxQCuYcpItruxX-QeAsgJU
hFvwQa-QEiebbZQsZwBx
XInohpoYtWtsWujB-qeJNRYIOwRCuAC
smWZdRwJwO-qFwXwBmSOrOtaY
UHDkpphzCDmaaOT-qgAohNDiqBC
MHqYbMwxYUFsfkXZWA-qGoaqxMFZSAV
SlbSDgLUpiwUw-qGpxYxWJ
jWCUh-QGxBJJUy
GOpeTOmkHVcYQoEvF-QHuxWZnjfaVuGHfJ
QXbkvaKsXpvaC-QiqpoTsTTyKGVq
kypqNNvWUWHgSoZUt-QjpCewOy
HTuSF-qlIzUSKnkBtCGtfwkX
GSbEHJaeLoGoBZzgxj-qmhxOJFLzAmohcS
snkfCNeDHZgVfAAVIK-qmLvtRa
RDUUZ-qMxFRZClKKbGYq
eeiwpZYMYIFSeBQPBx-qnfcOmEEXHNzUe
dsXIZzIvKXsYRADCNM-QoHCXrHrm
FCaiAKNxIIkiW-qpFCZpckKNpCSwA
YFWYweWa-qQccVD
lWFxtiMPHJyTIdYTmZ-qrHyGlz
FeapqTCHkIsxcYT-qrlwsxqdNgbjONhPP
NdkQiJfCzAcpqkgnC-qSgSLvpaPefmZ
uTuSZ-QtxmlARy
GyTQjEZ-QWdzcgMaNMaEtZXuBX
qXSUJFzSvSTSydT-qwGUqimmxpO
xgCHIIvAaMkf-QXbkvaKsXpvaC
ZURkHX-QXbqBLwx
lmrQMdVSWkxXgniheGI-qXpZQCYARVA
jxSUHSYGDltDv-qXSUJFzSvSTSydT
RLUSsWfTQoZhEJPc-QXVcKlVsZhIYe
byZjETSLyeVKaH-QxvFBsKX
MfLNOljCovnMIpSU-qZeeJXUnVPoADquNMyx
lCcCLgeumynJ-RAepOAjY
XpEOTrDVuEDzkTQ-raTeTjczhbnQ
wyIwTRdjBgIlCG-RBceZH
CYfaq-rbnXuzSEbOYKKatM
MCRfmpWQDzXkkEq-rBXeiZWvUikyjGCFUurr
ryJlifis-rCqdFtnDtZbJr
cjbVIvpKEfU-rCXboamtNn
GtAZQVNHk-RDPrbzklFmjf
KyZJKfzGXN-RdqGOFAADcFpbPgOjKs
SShRzctIctvkjBA-rDSmZfzxIugrgRJlmp
VdlBFyMMkbQC-RDUUZ
eFAWijet-rDvhGwfgMsuHIzM
qlIzUSKnkBtCGtfwkX-RfiMpZntwaznDQcRYsWj
NqxDTDA-rFYGgjkwKMaNn
MeGpVyEQEYaWmtBv-RHctAbTrwKu
zuajHXojoKvGSAZ-rHphwyAngeCuEQHSj
fDcPgNfjYSqTEVeFRT-rIdRwGMoJrhLL
hQbJPWqef-riJXNdTqVuUzPdXO
WjMhlqCvSNG-ripiHZoK
bYTHMCETJQu-RiQrRQQKl
JumQMFDwfWgLY-rIWFyNveihKSYU
lGCFQhPlfwULrn-rJGrc
JlBFZti-rjlgKSXQuFCf
hSlbzWkQ-RkbkVebVNxqG
NohoYqNZ-RKyviWe
dSbwgaslJLVM-RKzBiwbgDC
aBDESSBPzsMKk-RlmxylEVyYUE
MYKtzGFjf-RLUSsWfTQoZhEJPc
cYfcfCQrCcfRG-rnCOj
ZVQBPlldz-RNlHBDuzZzowlrCSD
yxaXXsgmHDpTbxR-RNlkypUlcVdIMBrofHZ
uOwfAyIO-rnvFegmsnaTTiaWh
HpqvCXyyOz-RnXfTcJCK
GBkvdzuFIcow-ROaFrGeelPLkpbi
hLCelhkuXXhrpgvM-RoKPDgahWRtbZVQ
mBViHKlZo-RozZsRF
vjBWHForZWHYK-RpGDGiZuzDvA
BOwSTfBkmLZT-rPUhNCVYyX
swhturVLgBpjQpZcr-RPUoGtkiLITKolMW
rYQjobuDp-rSKFTErKxbj
XNnqrnLBbsHpx-RsSOj
RZgikXGkIxDNGRmDneDV-rStXEWrBljzWJD
qpFCZpckKNpCSwA-rTKiSqqzsBD
SGiLBsqjsgDXVS-rTnyNDpzkkGN
xCRdyYKSfTstsi-RuQJC
VBGFfWBGS-rusegkeoywDqY
ibMEXLoWhCvLrRKKKt-rvhwnJfpPKAB
RlmxylEVyYUE-rWaqwBUhEGFCoz
dHcGPJLdtZjekc-rwSahovweL
ptHxgSmqHjmlNPHqD-RXhXGhRCgfIdB
eWTYyUQUjV-RXRIPIE
WCbGMIKWGOApaK-ryJlifis
WvGddSLcGiyyO-rYQjobuDp
ayHOqUoC-RzbXkLj
sRCyhciOFFeDhNAVOI-RZgikXGkIxDNGRmDneDV
cXZIotxBA-RzVbrMKQhHXbRvnj
uxFdaOWKWOGSPQIBY-SBOXZyoRbjtxd
JtqRUBpQDjm-sDIEYHONY
oDhZkYtwSCwuzZlm-SDSiyEYmCtgtZORRLQOZ
YBIYVZIbQRlIhYgj-seFIOeLkp
FWjzbSlYc-SfmDGzwKNJYhRLdczFM
FsNpUzZi-sgIbaoqwe
wKkpxGBvyZLXWn-SGiLBsqjsgDXVS
lRDovd-ShAkdaXu
GByuPzVdE-shtwhLQWRnEZQt
YqFVEGOYp-sIkqXurST
HtHxiSSfnuesiaZ-sjcNlCRExOxk
DWGHBrftqaS-sJiJVdeuifcUUEh
MPzwpcYWYRpPyOs-sjzHHOiZQJinuc
BVLCbFDXwa-SKpvVHXmgtnxznOhzv
xIRJztTilvQKrEB-SlbSDgLUpiwUw
gkTdCrRXivubxeao-smWZdRwJwO
uFHRcufxEOEM-snkfCNeDHZgVfAAVIK
YQoRBHlYW-SnyZlGVyeFD
elHMwfExpyirgI-SPXyHV
hcuDFPMHcIZ-SqlyEgAyIYQtMRivlf
lIZCOQD-sRCyhciOFFeDhNAVOI
nRnQrq-SShRzctIctvkjBA
mAnldgTHw-StQfTKPJhSrGPnNTE
ycegTRUYtLYfPajwuyym-SUnghyguCCzlWgGEzd
hMekrAcllBpaGKCYAA-suNiBusPvvpMIL
yYZRJEBkik-sUpeMxjyGZFmhvcQD
ucSYbncWZmeqWEbPg-SWdyARNwxrPtoMvF
uxxcEaaxhlN-swhturVLgBpjQpZcr
zFGXmWXA-swNMGzaiTIyoAV
cZcYZjBlAlSRjxHVeS-sxaugbfpRMHEmcOeHSIH
MtXFiuoopvwrEHAEqv-sYvkubDF
ZdhQY-tAAKWesCtoofawKQhj
dSKJBwYUnNVCFtr-tAooBRvJuGh
zEbIk-tcOtOA
PFNblkEMpRVei-tcTLHdEzQrASdjEM
rStXEWrBljzWJD-TDzqrkEfMTJqW
RBceZH-tebMfgeiEtqQ
nEkgcfmctGeUwmTS-TfnjA
UhtLZEmejglrQxUzEs-TGjtny
BNRvJeZJTDTjaUwr-TjRlqn
HvvphCk-TkmMaS
uODUDbh-TkZHz
CFsbFVNmQRBp-tlToLVdhOdLfO
jjkOiOQmlRrLndo-tnbWkiyJ
RsSOj-TntdpWZIFSVGm
xrVlUapXoKioWKGLEm-TPvfxYUBJpSmab
sgIbaoqwe-tqmUddXZzBnaS
uxCecJy-TqqGENcpbeHoGexnGL
Vlrff-tsEniChaKryCLdj
qwGUqimmxpO-TUSlBioA
crkGXPGmuicuLYaXWfGo-tvBkTBMneG
JgWwUFcJgxeHBQJdcg-TvsTTimaUvb
nHDjOanwgqHxNOb-twvtcYBm
nubsOHmbcAv-TXvIFiDDuNvHhNZjWiXo
oCYRrFSIBQbLTWnquMrU-TYEAJnfotzylgxIF
TDzqrkEfMTJqW-TyuqZqzilmOmUz
sdyqADYccBS-tYZta
hfqYpdBGk-uaHFuwqXf
SnyZlGVyeFD-UalarcmLciZbgzObL
EwfWRinTpDfUvgmJG-UaosRgnBpqKsG
UPuiSQmxTmRlnQuskU-UbCnOyXm
BEnjAiznPBfWSi-UBsJMsY
jeDQQRNWvHImRmPk-ucSYbncWZmeqWEbPg
kvSsemRAZ-uCVcysPBKkqbmBCUXIRo
fUcrjOsK-uDeoCBnwxtBLmZ
UWuxNhMeyMWuEOXAp-udicpHMlIlMPkkC
OractQQBlcOY-uDnPbvJIVzavY
cfNOxnGUwKIiWgobT-uEikTUQrxvUQElowsRh
wjgPKlJBPX-UEJVzvYfHcCNlhLi
kTbUcBbJhMNMDvQ-uFHRcufxEOEM
gCUEKEUmzJOy-uFziqNOgpuGRGpRmZ
AstCIZbNtUCmnJxZR-UgJOhbUumuhStjtai
WoCLrTvRgBVAMKQkR-UHDkpphzCDmaaOT
vTtssk-UhtLZEmejglrQxUzEs
IeKKqVs-uivPVbAeg
KUedXJmepdwjWgLpKW-uiziIYKtXzAyrjTR
JkUBNxTjgfkBOgQIb-uJAbfmySolaoceBFwf
XlAujRWRQuHufLaIDwyX-ujHhDjWclCvgouCkySXD
TUSlBioA-uJwAZyobbZOjJSeBR
XJcqBalYOzlWNGapDnS-UjxCMtBhmEJJ
etjrLotbhvc-uKeslMQb
EWLiOZOppBNARuGkqP-UKZpyz
qCczs-unELfzYhDvm
JNFJuxFgGbKGlDtJOls-uODUDbh
OrNwqkV-Uogzzfqd
suNiBusPvvpMIL-uOwfAyIO
yqdeNfwjniHP-UPuiSQmxTmRlnQuskU
zUafZ-usvLCzpJapOg
vjmJzTRWOYwKbcqmdJ-uTuSZ
rwSahovweL-uUvFVHeKNYZsbYMYxZ
bAUpKtEgmy-uVTfcWComUNPT
hSZrLZDaVZoXMPQIiae-uVzwAVthYJKLNGlBIHw
aAAMby-UwMKOTAjjiOXLvbrF
bqnkDYCdeIDFHgaTCpd-UWuxNhMeyMWuEOXAp
gwSVxaRp-uxCecJy
hQshGCbxRRxuFMIrgv-uxFdaOWKWOGSPQIBY
lAdunR-UxPzNYJPbLo
VwdnkVGlKbzkvz-uxxcEaaxhlN
DxPndWrVA-uYhmcEzfhOOb
eFGwKtkZezBF-UZYnSkGNtzNQGDDc
rIdRwGMoJrhLL-vafuPpcpopMFv
rSKFTErKxbj-vAgBHe
VgerJiyahByTQglg-VAslZdNmlzOKtU
JEeivkSNikYNsItvH-VBGFfWBGS
cOojwaNuTz-VBhPrj
uVzwAVthYJKLNGlBIHw-vBKgxASSJDrppRo
MpMGUwjQ-Vdhnz
AAnqtdwDQBLMPuwP-VdkmfakLLKxKEmObW
OQvQCNaSUJUZUgTNvT-VdlBFyMMkbQC
MXZdaCBXJbdJFDayVk-VgerJiyahByTQglg
xZzlSgXdX-vgxvM
zdjKFkiCkAk-VGYTIqnhJLCHUKhfkEmC
rBXeiZWvUikyjGCFUurr-vhyABWDvcjoknHlzDsZc
cWjuPQObZIjZCyUmlLP-vjmJzTRWOYwKbcqmdJ
szcuWRfRXnCLATpRYDfF-VKKjVbswYjlgMhvg
aOvMe-vkuyAfAngQBhfMyfeLF
jrXGrSNNlKWNxF-VLjrbJbmEYJIpOu
rbnXuzSEbOYKKatM-VlPFNrBNkQJP
YojYQSZqJO-Vlrff
RPUoGtkiLITKolMW-vLutcoqYWvJV
vhyABWDvcjoknHlzDsZc-VlXXNoZfiQysiC
zQplhHfpsDjl-VMXZhSBaQnvqcnGutx
uCVcysPBKkqbmBCUXIRo-vmZNgzMTihAap
naPMGB-vNUKvpiV
yDdTbLtVtVxMSJ-vNzOAidEOxK
fBjNzEDiKoFQEQGdT-vQOfKQDGpVbWlu
JmSfpTUOMLPimHK-vrrQRAdTmUuMyWSYK
HONob-vrxnqJXvRe
ShAkdaXu-VSMVfzGRkIFVR
FnmBDFxoZ-vSVyjPhY
iNLoZtVOJgSfcOlgGoKE-vtEgpZtOpkMjoqun
rCXboamtNn-VTHug
ZNGlqBqcKRneFJqUEX-vTtssk
KafOsafcg-vtwXUrsr
iTErjTzTVQj-vUHiunrQzboBUymCE
EotwXgnCszjvRCYTJprI-VVqhKSVMmSVtQPIbMl
HsFFhMekOxE-VwdnkVGlKbzkvz
sIkqXurST-vWKOego
FSuESentSugdOXdSU-vWqHGIUNlbgooNBaU
gyAMGI-vwYhqavhRRQnhAYfs
nwSpKuJ-vxjOszgRZsQZYDlOcg
iweeTVVPFUguw-VXoWDAIbTmYepQWDc
iQKPoHZBCyXcsUHyVhl-vyhbndJTSVy
shtwhLQWRnEZQt-WAGImeDcWxDIlai
YeUHiQiTVOI-WcaWxcFMlcQa
mOQStbRYtUcOge-WCbGMIKWGOApaK
OxFZVdZMVNhSxjSv-WDCvNHEnVAfjoSBSUpVC
KWdbLduLCIdHV-weyYNf
YUyctyfyYHkvzgqbc-WglrcnXCdrOQgHh
RAepOAjY-wgpaZjLcLXdremV
QeAsgJU-WhmBdfVJtXXMpP
HZKYcQjRllC-WIEcOYugfsXv
JTWtpTuo-wjgPKlJBPX
xKYfMYbrUMC-WjMhlqCvSNG
ioaIZuiAhSlrB-wjZuLNIZXnadFiWlI
eDwCw-wkIhf
DghxeADG-wKkpxGBvyZLXWn
HWHoyPg-wKLUfAqGBtGRpcZ
jlJlyrdwST-wlAioxnZHfDOxm
uUvFVHeKNYZsbYMYxZ-WlbdigLbZLOzlbzTIREy
gycvxdwOplKepwmeuCH-WllGZjxCbsHL
WIEcOYugfsXv-WnvECfNCWEXxjtpioj
lKreGMASekgOQ-WoCLrTvRgBVAMKQkR
mbzScYUo-WOCvlsYiYNuDjpjs
VlXXNoZfiQysiC-wOvresXEPFnXu
qQccVD-wPCwseQ
bATgHrWWqbtGPMloXMuv-WPjVhs
ZPeVgXCMtDKbNC-WppVNFdkyrkgZIn
VTHug-wprrdcTFTuFtdHph
QGxBJJUy-WRvXomRfSZoOwn
KDSWzaCuWf-wRZCIoOvgUhJQYfNJ
yfdWzIUoOZDFJWzmUZ-wSpxljyEz
uJwAZyobbZOjJSeBR-wtnAJurdaeHHXco
rHphwyAngeCuEQHSj-WuFGrHuWHGVoNKJBF
ffpigORsUahhrHNT-wULKdETevVgCXgdyVbo
VlPFNrBNkQJP-WvGddSLcGiyyO
aVwVGPmmlngJSWITJx-wWBvdlYpsGIpS
CwVopsRuHKfWKncY-WyfhfswwE
DRsczzdyfdFGoxB-wyIwTRdjBgIlCG
uKeslMQb-wYTDDH
EjPCQFdhWdpjdaL-xAsHBHFueRJVHZW
bNnRxgIr-xAvWhBrvHyR
HmwUwv-XBKrlBPfuiWDtY
wYTDDH-xCRdyYKSfTstsi
pEUWuWbivKUEfqu-xCxZNpySqrnSs
IzXIeeqUZEAywKyJgxM-xEArDHdrMRRvoCIRNZ
ECJaYyNwVyd-xeIsVwnCjnZkwf
jwXYWYcyKcETEDHPtuF-XeLLVYS
xzxNzbphJUqpCLtdtYy-xfvzmnDXJBLFHDzHfYF
GrjwHJc-xgCHIIvAaMkf
SDSiyEYmCtgtZORRLQOZ-xGDLe
qMxFRZClKKbGYq-xgXELGhJvHFTpriee
EZhWwth-XHtJjjUITjvaHnB
ZdXCGtCMze-XiihjbFIncAKeJb
JMCtL-XInohpoYtWtsWujB
ePUwFmE-xIRJztTilvQKrEB
uaHFuwqXf-XJcqBalYOzlWNGapDnS
DTAWXaXdfdBFjrMzbIg-XjDCrEbsZQPPTE
YYVKhViiuwnmK-XJUMgAJXKV
ZaMRwRTRWTyMMb-XJVZO
FMjWaqPMUHASTAR-XkQjcouMk
NiUCYDDCRW-xKYfMYbrUMC
gpQgnraJHQf-XlAujRWRQuHufLaIDwyX
dbaRqfhbStMuEwcEF-XlYiZRAM
mPSFptavROofbAEvK-xNeckuw
WOCvlsYiYNuDjpjs-XNnqrnLBbsHpx
zSQjqfQPhypr-XoMiMUL
claVABDRvxzoBjF-XOwWYriYbax
TjRlqn-XpEOTrDVuEDzkTQ
RXhXGhRCgfIdB-xPoBnVDsOiIchP
KDhhNiXBWQryml-XprylFnFXZClJvFA
RHctAbTrwKu-xqgAdDWiQuOS
JgxdzuYBZrSMIn-xQHTSTIxUoBlzHbPmG
VGYTIqnhJLCHUKhfkEmC-xRtridD
tAAKWesCtoofawKQhj-xrVlUapXoKioWKGLEm
XBKrlBPfuiWDtY-XWWyRVqlZfZh
TkZHz-XXLBxHziSVOEUSDAj
qmLvtRa-XXlnkuybsNgpdhRHCOrl
bGVQVksuUweyH-XXYah
TfnjA-XYItoLWDZAwf
RdqGOFAADcFpbPgOjKs-XzCYGUX
KVeHwLrYMACOJLdUry-xzxNzbphJUqpCLtdtYy
rTnyNDpzkkGN-xZzlSgXdX
eYeYUPyzMFgWZ-YBIYVZIbQRlIhYgj
jMmrhbRcYyLuhxdD-yBlCDJTGjt
QWdzcgMaNMaEtZXuBX-ycegTRUYtLYfPajwuyym
MALNgbKyyLrUYXgrIRVh-yDdTbLtVtVxMSJ
rvhwnJfpPKAB-yDeQviJwfBTgSCj
QEiebbZQsZwBx-YdQLVYXCwjSItGPgB
XkQjcouMk-YeUHiQiTVOI
SWdyARNwxrPtoMvF-yfdWzIUoOZDFJWzmUZ
DfDwskRESAdDThXFax-YFWYweWa
WDCvNHEnVAfjoSBSUpVC-yFyeApq
TqqGENcpbeHoGexnGL-YHLiWJRShDL
AYGdPy-YHyLEqopmEvNIemJtE
sUpeMxjyGZFmhvcQD-YiWFtNwljmuqsVuRkAmd
ZudiEEjulkdfOLe-yiYuVOrC
dNeOsxE-yjQaTKsVedE
EIswhMVOopAjll-yJYGdhklEzg
vmZNgzMTihAap-yKkFBvhGKeEqSREIDpE
NrxvMdOcQpgyycjst-Yofbixsx
yiYuVOrC-YojYQSZqJO
dAyfk-yONFgzlP
nLtzIKYwigvAmDtlAdES-YoPPV
dBXNYuPqa-yoVJTxalBvyZIx
nPjENecrRHYtD-YpaAEBHtXzGmVGqHltJ
wWBvdlYpsGIpS-yqdeNfwjniHP
pIgfWQ-yqdKkCFvFoLCOHtENq
WuFGrHuWHGVoNKJBF-YqFVEGOYp
oYhuhIrffEklrzGkTCQe-YQoRBHlYW
jJXMdvtEVOAaFe-yQunNEhlvcIfkFWjgx
xCxZNpySqrnSs-yrEeZCBLlt
RuQJC-yRIhwalqNsMY
RNlkypUlcVdIMBrofHZ-YsIXDXw
UbCnOyXm-ysoAqDwKWzfoYCRNT
qdibIetNleCPBjJeorGR-YUNfWDJZrPqoc
alvPiYdAEQz-YUyctyfyYHkvzgqbc
iWFVgmRriKjRAK-YWlOElWTKof
qGoaqxMFZSAV-yWoJHZCYBmJU
GTijzam-yxaXXsgmHDpTbxR
ziMzxrBHFyxSS-YXHDd
olnuruAnj-YYVKhViiuwnmK
tYZta-yYZRJEBkik
BzqubzCFV-ZaMRwRTRWTyMMb
eUSQgsCt-ZBMzWlKgyhRKqP
fbVaXtAejQiPazHRUbDs-ZCHBBliSFg
otvFZSGninm-ZdhQY
fprgAznFgT-zDIPGCHx
KEwuqfVcqGcJjwGLaIXJ-zdjKFkiCkAk
DauKO-zDKuMgZXcAYblKlVi
dtzVmywKYiufYDmvEyX-zDVgleKwNNLUVRVtlsI
nBRbQaCgNzZifUI-ZdXCGtCMze
XprylFnFXZClJvFA-ZEaYnnobapJfpFBOQtM
nQvYjcaRLyRedOBkuXj-zEbIk
HnBeiwYjGUAut-zEnXZr
pYvbmW-zFGXmWXA
mVyQVsj-zfIPcrr
TGjtny-ZglUVlfeddb
XYItoLWDZAwf-zIkazuWwGmEaLg
NNImOcfOlSCJzzmHoV-ziMzxrBHFyxSS
jNuRudYPGjgeQAifce-zjmaTR
WhmBdfVJtXXMpP-zKmAYLEIebgqELekG
uDnPbvJIVzavY-ZlDjJncqEszD
sDIEYHONY-zlJlbWDPAFXITHHjlZv
eYkOReH-zMJYCWTVcFEI
fcImIdG-zmMJeBYyzzpdtuWEJ
MqPJMRjzWymOeHDzuMAx-zmoReXfRZJOUYEm
czHxvdRRkEqeSl-ZNGlqBqcKRneFJqUEX
kDtHAaMhtlarIvPb-ZomNJCeSnnSjlSnLayE
cKfkDWn-ZPeVgXCMtDKbNC
rIWFyNveihKSYU-ZPUHDXQbbrN
sjcNlCRExOxk-zQplhHfpsDjl
BDVENlEBCkKZLwefZJ-zSQjqfQPhypr
CiiGTUInBM-zTFIF
eIlGztGmjBmgVmRcyq-ZtuGPdqkOAd
BEdeSvpwBESdCN-zUafZ
ENgNgvQFj-zuajHXojoKvGSAZ
OxYWeQA-ZudiEEjulkdfOLe
BIogX-ZURkHX
EIeCLhYkdMjuuXcY-ZvlOnrTTif
jrFtwMAr-zVoIjYVpzCDzemYU
JjYUvWk-ZVQBPlldz
IucBP-ZwMpmDMirYNjjhj
dlfYuxGGKUKx-ZxalNIBsJ
PKmGhTWN-zYBrzLfxTsCJt
bTpBi-zzNukFMkq
# Two paths build manually
hTOETJxgmaByvrl-kRbdnErOGmHdZzkWoOx
kRbdnErOGmHdZzkWoOx-CdyFIPVXLcOwlVrQqEx
CdyFIPVXLcOwlVrQqEx-NCHkhydJjqVj
DTOUWAYsrGoedFH-NCHkhydJjqVj
# Second one
DTOUWAYsrGoedFH-PAFiBfUvDDWmDBlrCax
ZCHBBliSFg-hTOETJxgmaByvrl
PAFiBfUvDDWmDBlrCax-NCHkhydJjqVj
NCHkhydJjqVj-NjuyQJSegvCeXMwHw
oYcdGCiWAXN-ldCANOFUPg
oYcdGCiWAXN-DTOUWAYsrGoedFH
ldCANOFUPg-vwYhqavhRRQnhAYfs
vwYhqavhRRQnhAYfs-lzOleKhtdwGrnyP
lzOleKhtdwGrnyP-UBsJMsY
UBsJMsY-KbrxpgTguJEnISP
KbrxpgTguJEnISP-KgHAcLvBUjVPLKAdO
KgHAcLvBUjVPLKAdO-HprIDvpTuoNvqMb
HprIDvpTuoNvqMb-YsIXDXw
YsIXDXw-oyeswMLdcMsUlc
oyeswMLdcMsUlc-jLhpGylWPZZMT
jLhpGylWPZZMT-fPnkktCldXupQ
fPnkktCldXupQ-xQHTSTIxUoBlzHbPmG
xQHTSTIxUoBlzHbPmG-ZCHBBliSFg
